Component: ARM Compiler 5.06 update 3 (build 300) Tool: armlink [4d35c9]

==============================================================================

Section Cross References

    arducopter.o(i.main) refers to copter.o(i.Board_Init) for Board_Init
    arducopter.o(i.main) refers to scheduler.o(i.Loop_Schedule) for Loop_Schedule
    copter.o(i.Board_Init) refers to sys.o(i.Stm32_Clock_Init) for Stm32_Clock_Init
    copter.o(i.Board_Init) refers to systick.o(i.delay_init) for delay_init
    copter.o(i.Board_Init) refers to drv_led.o(i.LED_Init) for LED_Init
    copter.o(i.Board_Init) refers to drv_ltr.o(i.LTRrgb_LED_Init) for LTRrgb_LED_Init
    copter.o(i.Board_Init) refers to drv_spi.o(i.SPI1_Init) for SPI1_Init
    copter.o(i.Board_Init) refers to systick.o(i.delay_ms) for delay_ms
    copter.o(i.Board_Init) refers to drv_spi.o(i.SPI2_Init) for SPI2_Init
    copter.o(i.Board_Init) refers to drv_spi.o(i.SPI4_Init) for SPI4_Init
    copter.o(i.Board_Init) refers to drv_ms5611.o(i.MS5611_Init) for MS5611_Init
    copter.o(i.Board_Init) refers to drv_iic.o(i.IIC3_Init) for IIC3_Init
    copter.o(i.Board_Init) refers to drv_icm20602.o(i.ICM_20602_Init) for ICM_20602_Init
    copter.o(i.Board_Init) refers to sys.o(i.GPIO_Pin_Set) for GPIO_Pin_Set
    copter.o(i.Board_Init) refers to drv_icm20689.o(i.ICM_20689_Init) for ICM_20689_Init
    copter.o(i.Board_Init) refers to drv_bmi055.o(i.BMI055_CHIP_Identification) for BMI055_CHIP_Identification
    copter.o(i.Board_Init) refers to drv_bmi055.o(i.BMI055_Init) for BMI055_Init
    copter.o(i.Board_Init) refers to drv_ist8310.o(i.IST8310_Init) for IST8310_Init
    copter.o(i.Board_Init) refers to drv_ist8310.o(i.IST8310_Detect) for IST8310_Detect
    copter.o(i.Board_Init) refers to drv_fm25v01g.o(i.FM25V01G_Detect) for FM25V01G_Detect
    copter.o(i.Board_Init) refers to drv_sdcard.o(i.SD_Init) for SD_Init
    copter.o(i.Board_Init) refers to drv_sbus.o(i.Sbus_Init) for Sbus_Init
    copter.o(i.Board_Init) refers to radio.o(i.Radio_init_in) for Radio_init_in
    copter.o(i.Board_Init) refers to drv_pwm.o(i.TIM1_PWM_Init) for TIM1_PWM_Init
    copter.o(i.Board_Init) refers to mavlink_usart_fifo.o(i.fifo_init) for fifo_init
    copter.o(i.Board_Init) refers to mavlink_usart_fifo.o(.bss) for uart_tx_buf
    copter.o(i.Board_Init) refers to copter.o(.data) for mavlink_system
    scheduler.o(i.Loop_Schedule) refers to scheduler.o(i.Loop_Task_1ms) for Loop_Task_1ms
    scheduler.o(i.Loop_Schedule) refers to scheduler.o(i.Loop_Task_2ms) for Loop_Task_2ms
    scheduler.o(i.Loop_Schedule) refers to scheduler.o(i.Loop_Task_5ms) for Loop_Task_5ms
    scheduler.o(i.Loop_Schedule) refers to scheduler.o(i.Loop_Task_10ms) for Loop_Task_10ms
    scheduler.o(i.Loop_Schedule) refers to scheduler.o(i.Loop_Task_20ms) for Loop_Task_20ms
    scheduler.o(i.Loop_Schedule) refers to scheduler.o(i.Loop_Task_25ms) for Loop_Task_25ms
    scheduler.o(i.Loop_Schedule) refers to scheduler.o(i.Loop_Task_50ms) for Loop_Task_50ms
    scheduler.o(i.Loop_Schedule) refers to scheduler.o(i.Loop_Task_80ms) for Loop_Task_80ms
    scheduler.o(i.Loop_Schedule) refers to scheduler.o(i.Loop_Task_90ms) for Loop_Task_90ms
    scheduler.o(i.Loop_Schedule) refers to scheduler.o(i.Loop_Task_100ms) for Loop_Task_100ms
    scheduler.o(i.Loop_Schedule) refers to systick.o(.bss) for LoopTime
    scheduler.o(i.Loop_Task_10ms) refers to sys.o(i.GPIO_Pin_Set) for GPIO_Pin_Set
    scheduler.o(i.Loop_Task_10ms) refers to drv_ms5611.o(i.MS5611_Update) for MS5611_Update
    scheduler.o(i.Loop_Task_10ms) refers to scheduler.o(.data) for JISUAN
    scheduler.o(i.Loop_Task_1ms) refers to ano_protocol.o(i.Communicate_DT_Data_Exchange) for Communicate_DT_Data_Exchange
    scheduler.o(i.Loop_Task_20ms) refers to drv_ist8310.o(i.IST8310_Update) for IST8310_Update
    scheduler.o(i.Loop_Task_20ms) refers to sys.o(i.GPIO_Pin_Set) for GPIO_Pin_Set
    scheduler.o(i.Loop_Task_2ms) refers to drv_icm20602.o(i.ICM_20602_Read_Data) for ICM_20602_Read_Data
    scheduler.o(i.Loop_Task_2ms) refers to drv_icm20689.o(i.ICM_20689_Read_Data) for ICM_20689_Read_Data
    scheduler.o(i.Loop_Task_2ms) refers to drv_bmi055.o(i.BMI055_Read_Data) for BMI055_Read_Data
    scheduler.o(i.Loop_Task_2ms) refers to scheduler.o(.data) for BMI055_gyro_data
    radio.o(i.Radio_Update) refers to drv_sbus.o(i.sbus_get_data) for sbus_get_data
    radio.o(i.Radio_Update) refers to rt_memcpy_v6.o(.text) for __aeabi_memcpy
    radio.o(i.Radio_Update) refers to radio.o(i.Radio_pwm_to_angle) for Radio_pwm_to_angle
    radio.o(i.Radio_Update) refers to radio.o(i.Radio_pwm_to_range) for Radio_pwm_to_range
    radio.o(i.Radio_Update) refers to radio.o(.bss) for sbusData
    radio.o(i.Radio_init_in) refers to drv_sbus.o(i.Sbus_Init) for Sbus_Init
    radio.o(i.Radio_init_in) refers to rt_memcpy_v6.o(.text) for __aeabi_memcpy
[...]
    i.TIM_OC6_SetConfig                      0x0800535c   Section        0  stm32f7xx_hal_tim_ex.o(i.TIM_OC6_SetConfig)
    TIM_OC6_SetConfig                        0x0800535d   Thumb Code    76  stm32f7xx_hal_tim_ex.o(i.TIM_OC6_SetConfig)
    i.Task_Trigger_Start                     0x080053b4   Section        0  systick.o(i.Task_Trigger_Start)
    i.USART2_IRQHandler                      0x08005438   Section        0  stm32f765_it.o(i.USART2_IRQHandler)
    i.USART3_IRQHandler                      0x080054d4   Section        0  stm32f765_it.o(i.USART3_IRQHandler)
    i.USART3_init                            0x080054dc   Section        0  drv_uart.o(i.USART3_init)
    i.Usart2_Send                            0x080055a0   Section        0  drv_uart.o(i.Usart2_Send)
    i.Usart3_isr                             0x080055e8   Section        0  drv_uart.o(i.Usart3_isr)
    i.Usart3_recv_cb                         0x08005614   Section        0  drv_uart.o(i.Usart3_recv_cb)
    i._sys_exit                              0x0800563c   Section        0  drv_uart.o(i._sys_exit)
    i.delay_init                             0x08005640   Section        0  systick.o(i.delay_init)
    i.delay_ms                               0x08005684   Section        0  systick.o(i.delay_ms)
    i.delay_us                               0x08005698   Section        0  systick.o(i.delay_us)
    i.fifo_init                              0x080056e0   Section        0  mavlink_usart_fifo.o(i.fifo_init)
    i.main                                   0x08005702   Section        0  arducopter.o(i.main)
    i.timer_cb                               0x08005710   Section        0  drv_sbus.o(i.timer_cb)
    x$fpl$fpinit                             0x08005738   Section       10  fpinit.o(x$fpl$fpinit)
    $v0                                      0x08005738   Number         0  fpinit.o(x$fpl$fpinit)
    .constdata                               0x08005742   Section        9  drv_fm25v01g.o(.constdata)
    .ARM.__AT_0x20000000                     0x20000000   Section    61440  drv_malloc.o(.ARM.__AT_0x20000000)
    .ARM.__AT_0x2000F000                     0x2000f000   Section     3840  drv_malloc.o(.ARM.__AT_0x2000F000)
    .data                                    0x20020000   Section        2  copter.o(.data)
    .data                                    0x20020002   Section       13  scheduler.o(.data)
    JISUAN                                   0x2002000e   Data           1  scheduler.o(.data)
    .data                                    0x20020010   Section       24  drv_uart.o(.data)
    .data                                    0x20020028   Section       46  drv_ms5611.o(.data)
    state                                    0x20020050   Data           4  drv_ms5611.o(.data)
    baro_start                               0x20020054   Data           1  drv_ms5611.o(.data)
    sum_cnt                                  0x20020055   Data           1  drv_ms5611.o(.data)
    .data                                    0x20020056   Section       12  drv_bmi055.o(.data)
    .data                                    0x20020062   Section        8  drv_ist8310.o(.data)
    .data                                    0x2002006c   Section        4  drv_sbus.o(.data)
    time_count                               0x2002006c   Data           4  drv_sbus.o(.data)
    .data                                    0x20020070   Section        6  drv_ppm.o(.data)
    .data                                    0x20020078   Section       28  systick.o(.data)
    fac_us                                   0x2002007c   Data           4  systick.o(.data)
    fac_ms                                   0x20020080   Data           4  systick.o(.data)
    .data                                    0x20020094   Section        8  stm32f765_it.o(.data)
    .data                                    0x2002009c   Section        4  stm32f7xx_hal.o(.data)
    .data                                    0x200200a0   Section       35  ano_protocol.o(.data)
    cnt                                      0x200200b6   Data           1  ano_protocol.o(.data)
    senser_cnt                               0x200200b7   Data           1  ano_protocol.o(.data)
    senser2_cnt                              0x200200b8   Data           1  ano_protocol.o(.data)
    user_cnt                                 0x200200b9   Data           1  ano_protocol.o(.data)
    status_cnt                               0x200200ba   Data           1  ano_protocol.o(.data)
    rcdata_cnt                               0x200200bb   Data           1  ano_protocol.o(.data)
    motopwm_cnt                              0x200200bc   Data           1  ano_protocol.o(.data)
    power_cnt                                0x200200bd   Data           1  ano_protocol.o(.data)
    speed_cnt                                0x200200be   Data           1  ano_protocol.o(.data)
    location_cnt                             0x200200bf   Data           1  ano_protocol.o(.data)
    _data_len                                0x200200c0   Data           1  ano_protocol.o(.data)
    _data_cnt                                0x200200c1   Data           1  ano_protocol.o(.data)
    state                                    0x200200c2   Data           1  ano_protocol.o(.data)
    .bss                                     0x200200c4   Section       12  scheduler.o(.bss)
    .bss                                     0x200200d0   Section      176  radio.o(.bss)
    .bss                                     0x20020180   Section     1392  drv_uart.o(.bss)
    .bss                                     0x200206f0   Section      300  drv_spi.o(.bss)
    .bss                                     0x2002081c   Section       16  drv_ms5611.o(.bss)
    .bss                                     0x2002082c   Section       36  drv_icm20602.o(.bss)
    .bss                                     0x20020850   Section       36  drv_icm20689.o(.bss)
    .bss                                     0x20020874   Section       48  drv_sbus.o(.bss)
    .bss                                     0x200208a4   Section       80  drv_ppm.o(.bss)
    .bss                                     0x200208f4   Section      172  drv_pwm.o(.bss)
    .bss                                     0x200209a0   Section      888  drv_sdcard.o(.bss)
    .bss                                     0x20020d18   Section      124  systick.o(.bss)
    .bss                                     0x20020d94   Section      534  mavlink_usart_fifo.o(.bss)
    .bss                                     0x20020faa   Section      100  ano_protocol.o(.bss)
    RxBuffer                                 0x20020fdc   Data          50  ano_protocol.o(.bss)
    .bss                                     0x20021010   Section       96  libspace.o(.bss)
    HEAP                                     0x20021070   Section        0  startup_stm32f765xx.o(HEAP)
    STACK                                    0x20021070   Section     2048  startup_stm32f765xx.o(STACK)
    Heap_Mem                                 0x20021070   Data           0  startup_stm32f765xx.o(HEAP)
    Stack_Mem                                0x20021070   Data        2048  startup_stm32f765xx.o(STACK)
    __initial_sp                             0x20021870   Data           0  startup_stm32f765xx.o(STACK)
    .ARM.__AT_0xC01F4000                     0xc01f4000   Section    29605888  drv_malloc.o(.ARM.__AT_0xC01F4000)
    .ARM.__AT_0xC1E30000                     0xc1e30000   Section    1850368  drv_malloc.o(.ARM.__AT_0xC1E30000)

    Global Symbols

    Symbol Name                              Value     Ov Type        Size  Object(Section)

    BuildAttributes$$THM_ISAv4$E$P$D$K$B$S$7EM$VFPv5_D16$PE$PLD8$A:L22UL41UL21$X:L11$S22US41US21$IEEE1$IW$USESV6$~STKCKD$USESV7$~SHL$OTIME$ROPI$IEEEX$EBA8$UX$STANDARDLIB$REQ8$PRES8$EABIv2 0x00000000   Number         0  anon$$obj.o ABSOLUTE
    __ARM_use_no_argv                        0x00000000   Number         0  arducopter.o ABSOLUTE
    _printf_flags                            0x00000000   Number         0  printf_stubs.o ABSOLUTE
    _printf_return_value                     0x00000000   Number         0  printf_stubs.o ABSOLUTE
    _printf_sizespec                         0x00000000   Number         0  printf_stubs.o ABSOLUTE
    _printf_widthprec                        0x00000000   Number         0  printf_stubs.o ABSOLUTE
    __ARM_exceptions_init                     - Undefined Weak Reference
    __alloca_initialize                       - Undefined Weak Reference
    __arm_preinit_                            - Undefined Weak Reference
    __cpp_initialize__aeabi_                  - Undefined Weak Reference
    __cxa_finalize                            - Undefined Weak Reference
    __rt_locale                               - Undefined Weak Reference
    __sigvec_lookup                           - Undefined Weak Reference
    _atexit_init                              - Undefined Weak Reference
    _call_atexit_fns                          - Undefined Weak Reference
    _clock_init                               - Undefined Weak Reference
    _fp_trap_init                             - Undefined Weak Reference
    _fp_trap_shutdown                         - Undefined Weak Reference
    _get_lc_collate                           - Undefined Weak Reference
    _get_lc_ctype                             - Undefined Weak Reference
    _get_lc_monetary                          - Undefined Weak Reference
    _get_lc_numeric                           - Undefined Weak Reference
    _get_lc_time                              - Undefined Weak Reference
    _getenv_init                              - Undefined Weak Reference
    _handle_redirection                       - Undefined Weak Reference
    _init_alloc                               - Undefined Weak Reference
    _init_user_alloc                          - Undefined Weak Reference
    _initio                                   - Undefined Weak Reference
    _mutex_acquire                            - Undefined Weak Reference
    _mutex_release                            - Undefined Weak Reference
    _printf_mbtowc                            - Undefined Weak Reference
    _printf_post_padding                      - Undefined Weak Reference
    _printf_pre_padding                       - Undefined Weak Reference
    _printf_truncate_signed                   - Undefined Weak Reference
    _printf_truncate_unsigned                 - Undefined Weak Reference
    _signal_finish                            - Undefined Weak Reference
    _signal_init                              - Undefined Weak Reference
    _terminate_alloc                          - Undefined Weak Reference
    _terminate_user_alloc                     - Undefined Weak Reference
    _terminateio                              - Undefined Weak Reference
    __Vectors_Size                           0x000001f8   Number         0  startup_stm32f765xx.o ABSOLUTE
    __Vectors                                0x08000000   Data           4  startup_stm32f765xx.o(RESET)
    __Vectors_End                            0x080001f8   Data           0  startup_stm32f765xx.o(RESET)
    __main                                   0x080001f9   Thumb Code     8  __main.o(!!!main)
    __scatterload                            0x08000201   Thumb Code     0  __scatter.o(!!!scatter)
    __scatterload_rt2                        0x08000201   Thumb Code    44  __scatter.o(!!!scatter)
    __scatterload_rt2_thumb_only             0x08000201   Thumb Code     0  __scatter.o(!!!scatter)
    __scatterload_null                       0x0800020f   Thumb Code     0  __scatter.o(!!!scatter)
    __scatterload_copy                       0x08000235   Thumb Code    26  __scatter_copy.o(!!handler_copy)
    __scatterload_zeroinit                   0x08000251   Thumb Code    28  __scatter_zi.o(!!handler_zi)
    __rt_lib_init                            0x0800026d   Thumb Code     0  libinit.o(.ARM.Collect$$libinit$$00000000)
    __rt_lib_init_fp_1                       0x0800026f   Thumb Code     0  libinit2.o(.ARM.Collect$$libinit$$00000001)
    __rt_lib_init_alloca_1                   0x08000273   Thumb Code     0  libinit2.o(.ARM.Collect$$libinit$$0000002E)
    __rt_lib_init_argv_1                     0x08000273   Thumb Code     0  libinit2.o(.ARM.Collect$$libinit$$0000002C)
    __rt_lib_init_atexit_1                   0x08000273   Thumb Code     0  libinit2.o(.ARM.Collect$$libinit$$0000001B)
    __rt_lib_init_clock_1                    0x08000273   Thumb Code     0  libinit2.o(.ARM.Collect$$libinit$$00000021)
    __rt_lib_init_cpp_1                      0x08000273   Thumb Code     0  libinit2.o(.ARM.Collect$$libinit$$00000032)
    __rt_lib_init_exceptions_1               0x08000273   Thumb Code     0  libinit2.o(.ARM.Collect$$libinit$$00000030)
    __rt_lib_init_fp_trap_1                  0x08000273   Thumb Code     0  libinit2.o(.ARM.Collect$$libinit$$0000001F)
    __rt_lib_init_getenv_1                   0x08000273   Thumb Code     0  libinit2.o(.ARM.Collect$$libinit$$00000023)
    __rt_lib_init_heap_1                     0x08000273   Thumb Code     0  libinit2.o(.ARM.Collect$$libinit$$0000000A)
    __rt_lib_init_lc_collate_1               0x08000273   Thumb Code     0  libinit2.o(.ARM.Collect$$libinit$$00000011)
    __rt_lib_init_lc_ctype_1                 0x08000273   Thumb Code     0  libinit2.o(.ARM.Collect$$libinit$$00000013)
    __rt_lib_init_lc_monetary_1              0x08000273   Thumb Code     0  libinit2.o(.ARM.Collect$$libinit$$00000015)
    __rt_lib_init_lc_numeric_1               0x08000273   Thumb Code     0  libinit2.o(.ARM.Collect$$libinit$$00000017)
    __rt_lib_init_lc_time_1                  0x08000273   Thumb Code     0  libinit2.o(.ARM.Collect$$libinit$$00000019)
    __rt_lib_init_preinit_1                  0x08000273   Thumb Code     0  libinit2.o(.ARM.Collect$$libinit$$00000004)
    __rt_lib_init_rand_1                     0x08000273   Thumb Code     0  libinit2.o(.ARM.Collect$$libinit$$0000000E)
    __rt_lib_init_return                     0x08000273   Thumb Code     0  libinit2.o(.ARM.Collect$$libinit$$00000033)
    __rt_lib_init_signal_1                   0x08000273   Thumb Code     0  libinit2.o(.ARM.Collect$$libinit$$0000001D)
    __rt_lib_init_stdio_1                    0x08000273   Thumb Code     0  libinit2.o(.ARM.Collect$$libinit$$00000025)
    __rt_lib_init_user_alloc_1               0x08000273   Thumb Code     0  libinit2.o(.ARM.Collect$$libinit$$0000000C)
    __rt_lib_shutdown                        0x08000275   Thumb Code     0  libshutdown.o(.ARM.Collect$$libshutdown$$00000000)
    __rt_lib_shutdown_cpp_1                  0x08000277   Thumb Code     0  libshutdown2.o(.ARM.Collect$$libshutdown$$00000002)
    __rt_lib_shutdown_fp_trap_1              0x08000277   Thumb Code     0  libshutdown2.o(.ARM.Collect$$libshutdown$$00000007)
    __rt_lib_shutdown_heap_1                 0x08000277   Thumb Code     0  libshutdown2.o(.ARM.Collect$$libshutdown$$0000000F)
    __rt_lib_shutdown_return                 0x08000277   Thumb Code     0  libshutdown2.o(.ARM.Collect$$libshutdown$$00000010)
    __rt_lib_shutdown_signal_1               0x08000277   Thumb Code     0  libshutdown2.o(.ARM.Collect$$libshutdown$$0000000A)
    __rt_lib_shutdown_stdio_1                0x08000277   Thumb Code     0  libshutdown2.o(.ARM.Collect$$libshutdown$$00000004)
    __rt_lib_shutdown_user_alloc_1           0x08000277   Thumb Code     0  libshutdown2.o(.ARM.Collect$$libshutdown$$0000000C)
    __rt_entry                               0x08000279   Thumb Code     0  __rtentry.o(.ARM.Collect$$rtentry$$00000000)
    __rt_entry_presh_1                       0x08000279   Thumb Code     0  __rtentry2.o(.ARM.Collect$$rtentry$$00000002)
    __rt_entry_sh                            0x08000279   Thumb Code     0  __rtentry4.o(.ARM.Collect$$rtentry$$00000004)
    __rt_entry_li                            0x0800027f   Thumb Code     0  __rtentry2.o(.ARM.Collect$$rtentry$$0000000A)
    __rt_entry_postsh_1                      0x0800027f   Thumb Code     0  __rtentry2.o(.ARM.Collect$$rtentry$$00000009)
    __rt_entry_main                          0x08000283   Thumb Code     0  __rtentry2.o(.ARM.Collect$$rtentry$$0000000D)
    __rt_entry_postli_1                      0x08000283   Thumb Code     0  __rtentry2.o(.ARM.Collect$$rtentry$$0000000C)
    __rt_exit                                0x0800028b   Thumb Code     0  rtexit.o(.ARM.Collect$$rtexit$$00000000)
    __rt_exit_ls                             0x0800028d   Thumb Code     0  rtexit2.o(.ARM.Collect$$rtexit$$00000003)
    __rt_exit_prels_1                        0x0800028d   Thumb Code     0  rtexit2.o(.ARM.Collect$$rtexit$$00000002)
    __rt_exit_exit                           0x08000291   Thumb Code     0  rtexit2.o(.ARM.Collect$$rtexit$$00000004)
    Reset_Handler                            0x08000299   Thumb Code    36  startup_stm32f765xx.o(.text)
    NMI_Handler                              0x080002bd   Thumb Code     2  startup_stm32f765xx.o(.text)
    HardFault_Handler                        0x080002bf   Thumb Code     2  startup_stm32f765xx.o(.text)
    MemManage_Handler                        0x080002c1   Thumb Code     2  startup_stm32f765xx.o(.text)
    BusFault_Handler                         0x080002c3   Thumb Code     2  startup_stm32f765xx.o(.text)
    UsageFault_Handler                       0x080002c5   Thumb Code     2  startup_stm32f765xx.o(.text)
    SVC_Handler                              0x080002c7   Thumb Code     2  startup_stm32f765xx.o(.text)
    DebugMon_Handler                         0x080002c9   Thumb Code     2  startup_stm32f765xx.o(.text)
    PendSV_Handler                           0x080002cb   Thumb Code     2  startup_stm32f765xx.o(.text)
    ADC_IRQHandler                           0x080002cf   Thumb Code     0  startup_stm32f765xx.o(.text)
    CAN1_RX0_IRQHandler                      0x080002cf   Thumb Code     0  startup_stm32f765xx.o(.text)
    CAN1_RX1_IRQHandler                      0x080002cf   Thumb Code     0  startup_stm32f765xx.o(.text)
    CAN1_SCE_IRQHandler                      0x080002cf   Thumb Code     0  startup_stm32f765xx.o(.text)
    CAN1_TX_IRQHandler                       0x080002cf   Thumb Code     0  startup_stm32f765xx.o(.text)
    CAN2_RX0_IRQHandler                      0x080002cf   Thumb Code     0  startup_stm32f765xx.o(.text)
    CAN2_RX1_IRQHandler                      0x080002cf   Thumb Code     0  startup_stm32f765xx.o(.text)
    CAN2_SCE_IRQHandler                      0x080002cf   Thumb Code     0  startup_stm32f765xx.o(.text)
    CAN2_TX_IRQHandler                       0x080002cf   Thumb Code     0  startup_stm32f765xx.o(.text)
    CAN3_RX0_IRQHandler                      0x080002cf   Thumb Code     0  startup_stm32f765xx.o(.text)
    CAN3_RX1_IRQHandler                      0x080002cf   Thumb Code     0  startup_stm32f765xx.o(.text)
    CAN3_SCE_IRQHandler                      0x080002cf   Thumb Code     0  startup_stm32f765xx.o(.text)
    CAN3_TX_IRQHandler                       0x080002cf   Thumb Code     0  startup_stm32f765xx.o(.text)
    CEC_IRQHandler                           0x080002cf   Thumb Code     0  startup_stm32f765xx.o(.text)
    DCMI_IRQHandler                          0x080002cf   Thumb Code     0  startup_stm32f765xx.o(.text)
    DFSDM1_FLT0_IRQHandler                   0x080002cf   Thumb Code     0  startup_stm32f765xx.o(.text)
    DFSDM1_FLT1_IRQHandler                   0x080002cf   Thumb Code     0  startup_stm32f765xx.o(.text)
    DFSDM1_FLT2_IRQHandler                   0x080002cf   Thumb Code     0  startup_stm32f765xx.o(.text)
    DFSDM1_FLT3_IRQHandler                   0x080002cf   Thumb Code     0  startup_stm32f765xx.o(.text)
    DMA1_Stream0_IRQHandler                  0x080002cf   Thumb Code     0  startup_stm32f765xx.o(.text)
    DMA1_Stream1_IRQHandler                  0x080002cf   Thumb Code     0  startup_stm32f765xx.o(.text)
    DMA1_Stream2_IRQHandler                  0x080002cf   Thumb Code     0  startup_stm32f765xx.o(.text)
    DMA1_Stream3_IRQHandler                  0x080002cf   Thumb Code     0  startup_stm32f765xx.o(.text)
    DMA1_Stream4_IRQHandler                  0x080002cf   Thumb Code     0  startup_stm32f765xx.o(.text)
    DMA1_Stream5_IRQHandler                  0x080002cf   Thumb Code     0  startup_stm32f765xx.o(.text)
    DMA1_Stream6_IRQHandler                  0x080002cf   Thumb Code     0  startup_stm32f765xx.o(.text)
    DMA1_Stream7_IRQHandler                  0x080002cf   Thumb Code     0  startup_stm32f765xx.o(.text)
    DMA2D_IRQHandler                         0x080002cf   Thumb Code     0  startup_stm32f765xx.o(.text)
    DMA2_Stream0_IRQHandler                  0x080002cf   Thumb Code     0  startup_stm32f765xx.o(.text)
    DMA2_Stream1_IRQHandler                  0x080002cf   Thumb Code     0  startup_stm32f765xx.o(.text)
    DMA2_Stream2_IRQHandler                  0x080002cf   Thumb Code     0  startup_stm32f765xx.o(.text)
    DMA2_Stream3_IRQHandler                  0x080002cf   Thumb Code     0  startup_stm32f765xx.o(.text)
    DMA2_Stream4_IRQHandler                  0x080002cf   Thumb Code     0  startup_stm32f765xx.o(.text)
    DMA2_Stream5_IRQHandler                  0x080002cf   Thumb Code     0  startup_stm32f765xx.o(.text)
    DMA2_Stream6_IRQHandler                  0x080002cf   Thumb Code     0  startup_stm32f765xx.o(.text)
    DMA2_Stream7_IRQHandler                  0x080002cf   Thumb Code     0  startup_stm32f765xx.o(.text)
    ETH_IRQHandler                           0x080002cf   Thumb Code     0  startup_stm32f765xx.o(.text)
    ETH_WKUP_IRQHandler                      0x080002cf   Thumb Code     0  startup_stm32f765xx.o(.text)
    EXTI0_IRQHandler                         0x080002cf   Thumb Code     0  startup_stm32f765xx.o(.text)
    EXTI15_10_IRQHandler                     0x080002cf   Thumb Code     0  startup_stm32f765xx.o(.text)
    EXTI1_IRQHandler                         0x080002cf   Thumb Code     0  startup_stm32f765xx.o(.text)
    EXTI2_IRQHandler                         0x080002cf   Thumb Code     0  startup_stm32f765xx.o(.text)
    EXTI3_IRQHandler                         0x080002cf   Thumb Code     0  startup_stm32f765xx.o(.text)
    EXTI4_IRQHandler                         0x080002cf   Thumb Code     0  startup_stm32f765xx.o(.text)
    EXTI9_5_IRQHandler                       0x080002cf   Thumb Code     0  startup_stm32f765xx.o(.text)
    FLASH_IRQHandler                         0x080002cf   Thumb Code     0  startup_stm32f765xx.o(.text)
    FMC_IRQHandler                           0x080002cf   Thumb Code     0  startup_stm32f765xx.o(.text)
    FPU_IRQHandler                           0x080002cf   Thumb Code     0  startup_stm32f765xx.o(.text)
    I2C1_ER_IRQHandler                       0x080002cf   Thumb Code     0  startup_stm32f765xx.o(.text)
    I2C1_EV_IRQHandler                       0x080002cf   Thumb Code     0  startup_stm32f765xx.o(.text)
    I2C2_ER_IRQHandler                       0x080002cf   Thumb Code     0  startup_stm32f765xx.o(.text)
    I2C2_EV_IRQHandler                       0x080002cf   Thumb Code     0  startup_stm32f765xx.o(.text)
    I2C3_ER_IRQHandler                       0x080002cf   Thumb Code     0  startup_stm32f765xx.o(.text)
    I2C3_EV_IRQHandler                       0x080002cf   Thumb Code     0  startup_stm32f765xx.o(.text)
    I2C4_ER_IRQHandler                       0x080002cf   Thumb Code     0  startup_stm32f765xx.o(.text)
    I2C4_EV_IRQHandler                       0x080002cf   Thumb Code     0  startup_stm32f765xx.o(.text)
    JPEG_IRQHandler                          0x080002cf   Thumb Code     0  startup_stm32f765xx.o(.text)
    LPTIM1_IRQHandler                        0x080002cf   Thumb Code     0  startup_stm32f765xx.o(.text)
    LTDC_ER_IRQHandler                       0x080002cf   Thumb Code     0  startup_stm32f765xx.o(.text)
    LTDC_IRQHandler                          0x080002cf   Thumb Code     0  startup_stm32f765xx.o(.text)
    MDIOS_IRQHandler                         0x080002cf   Thumb Code     0  startup_stm32f765xx.o(.text)
    OTG_FS_IRQHandler                        0x080002cf   Thumb Code     0  startup_stm32f765xx.o(.text)
    OTG_FS_WKUP_IRQHandler                   0x080002cf   Thumb Code     0  startup_stm32f765xx.o(.text)
    OTG_HS_EP1_IN_IRQHandler                 0x080002cf   Thumb Code     0  startup_stm32f765xx.o(.text)
    OTG_HS_EP1_OUT_IRQHandler                0x080002cf   Thumb Code     0  startup_stm32f765xx.o(.text)
    OTG_HS_IRQHandler                        0x080002cf   Thumb Code     0  startup_stm32f765xx.o(.text)
    OTG_HS_WKUP_IRQHandler                   0x080002cf   Thumb Code     0  startup_stm32f765xx.o(.text)
    PVD_IRQHandler                           0x080002cf   Thumb Code     0  startup_stm32f765xx.o(.text)
    QUADSPI_IRQHandler                       0x080002cf   Thumb Code     0  startup_stm32f765xx.o(.text)
    RCC_IRQHandler                           0x080002cf   Thumb Code     0  startup_stm32f765xx.o(.text)
    RNG_IRQHandler                           0x080002cf   Thumb Code     0  startup_stm32f765xx.o(.text)
    RTC_Alarm_IRQHandler                     0x080002cf   Thumb Code     0  startup_stm32f765xx.o(.text)
    RTC_WKUP_IRQHandler                      0x080002cf   Thumb Code     0  startup_stm32f765xx.o(.text)
    SAI1_IRQHandler                          0x080002cf   Thumb Code     0  startup_stm32f765xx.o(.text)
    SAI2_IRQHandler                          0x080002cf   Thumb Code     0  startup_stm32f765xx.o(.text)
    SDMMC1_IRQHandler                        0x080002cf   Thumb Code     0  startup_stm32f765xx.o(.text)
    SDMMC2_IRQHandler                        0x080002cf   Thumb Code     0  startup_stm32f765xx.o(.text)
    SPDIF_RX_IRQHandler                      0x080002cf   Thumb Code     0  startup_stm32f765xx.o(.text)
    SPI1_IRQHandler                          0x080002cf   Thumb Code     0  startup_stm32f765xx.o(.text)
    SPI2_IRQHandler                          0x080002cf   Thumb Code     0  startup_stm32f765xx.o(.text)
    SPI3_IRQHandler                          0x080002cf   Thumb Code     0  startup_stm32f765xx.o(.text)
    SPI4_IRQHandler                          0x080002cf   Thumb Code     0  startup_stm32f765xx.o(.text)
    SPI5_IRQHandler                          0x080002cf   Thumb Code     0  startup_stm32f765xx.o(.text)
    SPI6_IRQHandler                          0x080002cf   Thumb Code     0  startup_stm32f765xx.o(.text)
    TAMP_STAMP_IRQHandler                    0x080002cf   Thumb Code     0  startup_stm32f765xx.o(.text)
    TIM1_BRK_TIM9_IRQHandler                 0x080002cf   Thumb Code     0  startup_stm32f765xx.o(.text)
    TIM1_CC_IRQHandler                       0x080002cf   Thumb Code     0  startup_stm32f765xx.o(.text)
    TIM1_TRG_COM_TIM11_IRQHandler            0x080002cf   Thumb Code     0  startup_stm32f765xx.o(.text)
    TIM1_UP_TIM10_IRQHandler                 0x080002cf   Thumb Code     0  startup_stm32f765xx.o(.text)
    TIM2_IRQHandler                          0x080002cf   Thumb Code     0  startup_stm32f765xx.o(.text)
    TIM3_IRQHandler                          0x080002cf   Thumb Code     0  startup_stm32f765xx.o(.text)
    TIM5_IRQHandler                          0x080002cf   Thumb Code     0  startup_stm32f765xx.o(.text)
    TIM6_DAC_IRQHandler                      0x080002cf   Thumb Code     0  startup_stm32f765xx.o(.text)
    TIM7_IRQHandler                          0x080002cf   Thumb Code     0  startup_stm32f765xx.o(.text)
    TIM8_BRK_TIM12_IRQHandler                0x080002cf   Thumb Code     0  startup_stm32f765xx.o(.text)
    TIM8_CC_IRQHandler                       0x080002cf   Thumb Code     0  startup_stm32f765xx.o(.text)
    TIM8_TRG_COM_TIM14_IRQHandler            0x080002cf   Thumb Code     0  startup_stm32f765xx.o(.text)
    TIM8_UP_TIM13_IRQHandler                 0x080002cf   Thumb Code     0  startup_stm32f765xx.o(.text)
    UART4_IRQHandler                         0x080002cf   Thumb Code     0  startup_stm32f765xx.o(.text)
    UART5_IRQHandler                         0x080002cf   Thumb Code     0  startup_stm32f765xx.o(.text)
    UART7_IRQHandler                         0x080002cf   Thumb Code     0  startup_stm32f765xx.o(.text)
    UART8_IRQHandler                         0x080002cf   Thumb Code     0  startup_stm32f765xx.o(.text)
    USART1_IRQHandler                        0x080002cf   Thumb Code     0  startup_stm32f765xx.o(.text)
    USART6_IRQHandler                        0x080002cf   Thumb Code     0  startup_stm32f765xx.o(.text)
    WWDG_IRQHandler                          0x080002cf   Thumb Code     0  startup_stm32f765xx.o(.text)
    __user_initial_stackheap                 0x080002d1   Thumb Code     0  startup_stm32f765xx.o(.text)
    __use_no_semihosting                     0x080002f5   Thumb Code     2  use_no_semi_2.o(.text)
    __aeabi_memcpy                           0x080002f7   Thumb Code     0  rt_memcpy_v6.o(.text)
    __rt_memcpy                              0x080002f7   Thumb Code   138  rt_memcpy_v6.o(.text)
    _memcpy_lastbytes                        0x0800035d   Thumb Code     0  rt_memcpy_v6.o(.text)
    __aeabi_memcpy4                          0x08000381   Thumb Code     0  rt_memcpy_w.o(.text)
    __aeabi_memcpy8                          0x08000381   Thumb Code     0  rt_memcpy_w.o(.text)
    __rt_memcpy_w                            0x08000381   Thumb Code   100  rt_memcpy_w.o(.text)
    _memcpy_lastbytes_aligned                0x080003c9   Thumb Code     0  rt_memcpy_w.o(.text)
    __aeabi_memclr4                          0x080003e5   Thumb Code     0  rt_memclr_w.o(.text)
    __aeabi_memclr8                          0x080003e5   Thumb Code     0  rt_memclr_w.o(.text)
    __rt_memclr_w                            0x080003e5   Thumb Code    78  rt_memclr_w.o(.text)
    _memset_w                                0x080003e9   Thumb Code     0  rt_memclr_w.o(.text)
    __use_two_region_memory                  0x08000433   Thumb Code     2  heapauxi.o(.text)
    __rt_heap_escrow$2region                 0x08000435   Thumb Code     2  heapauxi.o(.text)
    __rt_heap_expand$2region                 0x08000437   Thumb Code     2  heapauxi.o(.text)
    __I$use$semihosting                      0x08000439   Thumb Code     0  use_no_semi.o(.text)
    __use_no_semihosting_swi                 0x08000439   Thumb Code     2  use_no_semi.o(.text)
    __user_libspace                          0x0800043d   Thumb Code     8  libspace.o(.text)
    __user_perproc_libspace                  0x0800043d   Thumb Code     0  libspace.o(.text)
    __user_perthread_libspace                0x0800043d   Thumb Code     0  libspace.o(.text)
    __user_setup_stackheap                   0x08000445   Thumb Code    74  sys_stackheap_outer.o(.text)
    exit                                     0x0800048f   Thumb Code    18  exit.o(.text)
    BMI055_Acc_Chip_Identification           0x080004a1   Thumb Code    60  drv_bmi055.o(i.BMI055_Acc_Chip_Identification)
    BMI055_CHIP_Identification               0x080004e1   Thumb Code    24  drv_bmi055.o(i.BMI055_CHIP_Identification)
    BMI055_Gyro_Chip_Identification          0x080004f9   Thumb Code    58  drv_bmi055.o(i.BMI055_Gyro_Chip_Identification)
    BMI055_Init                              0x08000539   Thumb Code   172  drv_bmi055.o(i.BMI055_Init)
    BMI055_Read_Data                         0x080005e5   Thumb Code   242  drv_bmi055.o(i.BMI055_Read_Data)
    Board_Init                               0x080006e9   Thumb Code   236  copter.o(i.Board_Init)
    Cache_Enable                             0x080007f1   Thumb Code   112  sys.o(i.Cache_Enable)
    Communicate_DT_Data_Exchange             0x08000869   Thumb Code   860  ano_protocol.o(i.Communicate_DT_Data_Exchange)
    Communicate_DT_Data_Receive_Anl          0x08000c61   Thumb Code   108  ano_protocol.o(i.Communicate_DT_Data_Receive_Anl)
    Communicate_DT_Data_Receive_Prepare      0x08000ccd   Thumb Code   216  ano_protocol.o(i.Communicate_DT_Data_Receive_Prepare)
    Communicate_DT_Send_Check                0x08000db5   Thumb Code    68  ano_protocol.o(i.Communicate_DT_Send_Check)
    Communicate_DT_Send_Data                 0x08000dfd   Thumb Code    16  ano_protocol.o(i.Communicate_DT_Send_Data)
    Communicate_DT_Send_Msg                  0x08000e11   Thumb Code    68  ano_protocol.o(i.Communicate_DT_Send_Msg)
    Communicate_DT_Send_Senser               0x08000e59   Thumb Code   408  ano_protocol.o(i.Communicate_DT_Send_Senser)
    Communicate_DT_Send_Senser2              0x08000ff5   Thumb Code   156  ano_protocol.o(i.Communicate_DT_Send_Senser2)
    Communicate_DT_Send_Speed                0x08001095   Thumb Code   240  ano_protocol.o(i.Communicate_DT_Send_Speed)
    Communicate_DT_Send_Status               0x0800118d   Thumb Code   334  ano_protocol.o(i.Communicate_DT_Send_Status)
    Communicate_DT_Send_User                 0x080012e5   Thumb Code    86  ano_protocol.o(i.Communicate_DT_Send_User)
    Communicate_DT_Send_Version              0x08001341   Thumb Code   198  ano_protocol.o(i.Communicate_DT_Send_Version)
    FM25V01G_Detect                          0x0800140d   Thumb Code   292  drv_fm25v01g.o(i.FM25V01G_Detect)
    FM25V01G_ReadByte                        0x08001541   Thumb Code    76  drv_fm25v01g.o(i.FM25V01G_ReadByte)
    FM25V01G_ReadMemory                      0x08001591   Thumb Code    90  drv_fm25v01g.o(i.FM25V01G_ReadMemory)
    FM25V01G_WriteByte                       0x080015f1   Thumb Code   138  drv_fm25v01g.o(i.FM25V01G_WriteByte)
    FM25V01G_WriteMemory                     0x08001681   Thumb Code   152  drv_fm25v01g.o(i.FM25V01G_WriteMemory)
    GPIO_AF_Set                              0x0800171d   Thumb Code    64  sys.o(i.GPIO_AF_Set)
    GPIO_Pin_Get                             0x0800175d   Thumb Code    16  sys.o(i.GPIO_Pin_Get)
    GPIO_Pin_Set                             0x0800176d   Thumb Code    16  sys.o(i.GPIO_Pin_Set)
    GPIO_Set                                 0x0800177d   Thumb Code   222  sys.o(i.GPIO_Set)
    HAL_Delay                                0x0800185b   Thumb Code    26  stm32f7xx_hal.o(i.HAL_Delay)
    HAL_GPIO_Init                            0x08001875   Thumb Code   484  stm32f7xx_hal_gpio.o(i.HAL_GPIO_Init)
    HAL_GPIO_WritePin                        0x08001a8d   Thumb Code    12  stm32f7xx_hal_gpio.o(i.HAL_GPIO_WritePin)
    HAL_GetTick                              0x08001a99   Thumb Code     6  stm32f7xx_hal.o(i.HAL_GetTick)
    HAL_IncTick                              0x08001aa5   Thumb Code    12  stm32f7xx_hal.o(i.HAL_IncTick)
    HAL_SD_Get_CardInfo                      0x08001ab5   Thumb Code   750  stm32f7xx_hal_sd.o(i.HAL_SD_Get_CardInfo)
    HAL_SD_Init                              0x08001da3   Thumb Code   156  stm32f7xx_hal_sd.o(i.HAL_SD_Init)
    HAL_SD_MspInit                           0x08001e41   Thumb Code   164  drv_sdcard.o(i.HAL_SD_MspInit)
    HAL_SD_WideBusOperation_Config           0x08001ef1   Thumb Code   126  stm32f7xx_hal_sd.o(i.HAL_SD_WideBusOperation_Config)
    HAL_SPI_Init                             0x08001f6f   Thumb Code   216  stm32f7xx_hal_spi.o(i.HAL_SPI_Init)
    HAL_SPI_MspInit                          0x08002049   Thumb Code   384  drv_spi.o(i.HAL_SPI_MspInit)
    HAL_SPI_Transmit                         0x080021e1   Thumb Code   432  stm32f7xx_hal_spi.o(i.HAL_SPI_Transmit)
    HAL_SPI_TransmitReceive                  0x08002391   Thumb Code   870  stm32f7xx_hal_spi.o(i.HAL_SPI_TransmitReceive)
    HAL_SYSTICK_CLKSourceConfig              0x080026f7   Thumb Code    40  stm32f7xx_hal_cortex.o(i.HAL_SYSTICK_CLKSourceConfig)
    HAL_SYSTICK_Callback                     0x08002721   Thumb Code    18  drv_sbus.o(i.HAL_SYSTICK_Callback)
    HAL_SYSTICK_IRQHandler                   0x08002739   Thumb Code     8  stm32f7xx_hal_cortex.o(i.HAL_SYSTICK_IRQHandler)
    HAL_TIM_PWM_ConfigChannel                0x08002741   Thumb Code   372  stm32f7xx_hal_tim_ex.o(i.HAL_TIM_PWM_ConfigChannel)
    HAL_TIM_PWM_Init                         0x080028b5   Thumb Code    52  stm32f7xx_hal_tim.o(i.HAL_TIM_PWM_Init)
    HAL_TIM_PWM_MspInit                      0x080028e9   Thumb Code   156  drv_pwm.o(i.HAL_TIM_PWM_MspInit)
    HAL_TIM_PWM_Start                        0x08002991   Thumb Code    68  stm32f7xx_hal_tim.o(i.HAL_TIM_PWM_Start)
    HAL_TIM_ReadCapturedValue                0x080029dd   Thumb Code    84  stm32f7xx_hal_tim.o(i.HAL_TIM_ReadCapturedValue)
    ICM_20602_Init                           0x08002a31   Thumb Code   156  drv_icm20602.o(i.ICM_20602_Init)
    ICM_20602_ReadRegister                   0x08002acd   Thumb Code    78  drv_icm20602.o(i.ICM_20602_ReadRegister)
    ICM_20602_Read_Data                      0x08002b25   Thumb Code   240  drv_icm20602.o(i.ICM_20602_Read_Data)
    ICM_20602_SpiDetect                      0x08002c21   Thumb Code    36  drv_icm20602.o(i.ICM_20602_SpiDetect)
    ICM_20602_WriteRegister                  0x08002c45   Thumb Code    52  drv_icm20602.o(i.ICM_20602_WriteRegister)
    ICM_20689_Init                           0x08002c81   Thumb Code   156  drv_icm20689.o(i.ICM_20689_Init)
    ICM_20689_ReadRegister                   0x08002d1d   Thumb Code    78  drv_icm20689.o(i.ICM_20689_ReadRegister)
    ICM_20689_Read_Data                      0x08002d75   Thumb Code   240  drv_icm20689.o(i.ICM_20689_Read_Data)
    ICM_20689_SpiDetect                      0x08002e71   Thumb Code    36  drv_icm20689.o(i.ICM_20689_SpiDetect)
    ICM_20689_WriteRegister                  0x08002e95   Thumb Code    52  drv_icm20689.o(i.ICM_20689_WriteRegister)
    IIC3_Ack                                 0x08002ed1   Thumb Code    78  drv_iic.o(i.IIC3_Ack)
    IIC3_Init                                0x08002f25   Thumb Code    58  drv_iic.o(i.IIC3_Init)
    IIC3_NAck                                0x08002f69   Thumb Code    78  drv_iic.o(i.IIC3_NAck)
    IIC3_Read_1Byte                          0x08002fbd   Thumb Code    80  drv_iic.o(i.IIC3_Read_1Byte)
    IIC3_Read_Byte                           0x0800300d   Thumb Code   104  drv_iic.o(i.IIC3_Read_Byte)
    IIC3_Send_Byte                           0x08003079   Thumb Code   104  drv_iic.o(i.IIC3_Send_Byte)
    IIC3_Start                               0x080030e5   Thumb Code    80  drv_iic.o(i.IIC3_Start)
    IIC3_Stop                                0x08003139   Thumb Code    80  drv_iic.o(i.IIC3_Stop)
    IIC3_Wait_Ack                            0x0800318d   Thumb Code   100  drv_iic.o(i.IIC3_Wait_Ack)
    IIC3_Write_1Byte                         0x080031f5   Thumb Code    62  drv_iic.o(i.IIC3_Write_1Byte)
    IST8310_Detect                           0x08003235   Thumb Code    24  drv_ist8310.o(i.IST8310_Detect)
    IST8310_Init                             0x08003251   Thumb Code    18  drv_ist8310.o(i.IST8310_Init)
    IST8310_Update                           0x08003285   Thumb Code   140  drv_ist8310.o(i.IST8310_Update)
    LED_Init                                 0x08003329   Thumb Code    96  drv_led.o(i.LED_Init)
    LTRrgb_LED_Init                          0x08003395   Thumb Code    68  drv_ltr.o(i.LTRrgb_LED_Init)
    Loop_Schedule                            0x080033e1   Thumb Code   218  scheduler.o(i.Loop_Schedule)
    Loop_Task_100ms                          0x080034c1   Thumb Code     2  scheduler.o(i.Loop_Task_100ms)
    Loop_Task_10ms                           0x080034c5   Thumb Code    78  scheduler.o(i.Loop_Task_10ms)
    Loop_Task_1ms                            0x0800351d   Thumb Code     8  scheduler.o(i.Loop_Task_1ms)
    Loop_Task_20ms                           0x08003525   Thumb Code    40  scheduler.o(i.Loop_Task_20ms)
    Loop_Task_25ms                           0x08003551   Thumb Code     2  scheduler.o(i.Loop_Task_25ms)
    Loop_Task_2ms                            0x08003555   Thumb Code    20  scheduler.o(i.Loop_Task_2ms)
    Loop_Task_50ms                           0x08003571   Thumb Code     2  scheduler.o(i.Loop_Task_50ms)
    Loop_Task_5ms                            0x08003573   Thumb Code     2  scheduler.o(i.Loop_Task_5ms)
    Loop_Task_80ms                           0x08003575   Thumb Code     2  scheduler.o(i.Loop_Task_80ms)
    Loop_Task_90ms                           0x08003577   Thumb Code     2  scheduler.o(i.Loop_Task_90ms)
    Loop_check                               0x08003579   Thumb Code   138  systick.o(i.Loop_check)
    MS5611_BaroAltCalculate                  0x08003609   Thumb Code   400  drv_ms5611.o(i.MS5611_BaroAltCalculate)
    MS5611_Init                              0x080037b9   Thumb Code    40  drv_ms5611.o(i.MS5611_Init)
    MS5611_ReadRegister                      0x080037e5   Thumb Code    70  drv_ms5611.o(i.MS5611_ReadRegister)
    MS5611_Read_Adc_Pressure                 0x08003835   Thumb Code    14  drv_ms5611.o(i.MS5611_Read_Adc_Pressure)
    MS5611_Read_Adc_Temperature              0x08003849   Thumb Code    14  drv_ms5611.o(i.MS5611_Read_Adc_Temperature)
    MS5611_Read_Prom                         0x0800385d   Thumb Code    70  drv_ms5611.o(i.MS5611_Read_Prom)
    MS5611_Reset                             0x080038a9   Thumb Code    20  drv_ms5611.o(i.MS5611_Reset)
    MS5611_Start_Press                       0x080038bd   Thumb Code    12  drv_ms5611.o(i.MS5611_Start_Press)
    MS5611_Start_Temperature                 0x080038c9   Thumb Code    12  drv_ms5611.o(i.MS5611_Start_Temperature)
    MS5611_Update                            0x080038d5   Thumb Code    48  drv_ms5611.o(i.MS5611_Update)
    MS5611_WriteRegister                     0x08003909   Thumb Code    46  drv_ms5611.o(i.MS5611_WriteRegister)
    MY_NVIC_Init                             0x0800393d   Thumb Code   116  sys.o(i.MY_NVIC_Init)
    MY_NVIC_PriorityGroupConfig              0x080039b5   Thumb Code    32  sys.o(i.MY_NVIC_PriorityGroupConfig)
    MY_NVIC_SetVectorTable                   0x080039dd   Thumb Code    12  sys.o(i.MY_NVIC_SetVectorTable)
    PPM_Signal_Analysis                      0x080039ed   Thumb Code   122  drv_ppm.o(i.PPM_Signal_Analysis)
    Radio_init_in                            0x08003a7d   Thumb Code   380  radio.o(i.Radio_init_in)
    Radio_set_angle                          0x08003c19   Thumb Code    18  radio.o(i.Radio_set_angle)
    Radio_set_default_dead_zone              0x08003c2b   Thumb Code    10  radio.o(i.Radio_set_default_dead_zone)
    Radio_set_range                          0x08003c35   Thumb Code    18  radio.o(i.Radio_set_range)
    SDMMC_DataConfig                         0x08003ce5   Thumb Code    44  stm32f7xx_ll_sdmmc.o(i.SDMMC_DataConfig)
    SDMMC_GetCommandResponse                 0x08003d11   Thumb Code     8  stm32f7xx_ll_sdmmc.o(i.SDMMC_GetCommandResponse)
    SDMMC_GetPowerState                      0x08003d19   Thumb Code    10  stm32f7xx_ll_sdmmc.o(i.SDMMC_GetPowerState)
    SDMMC_GetResponse                        0x08003d23   Thumb Code    22  stm32f7xx_ll_sdmmc.o(i.SDMMC_GetResponse)
    SDMMC_Init                               0x08003d39   Thumb Code    52  stm32f7xx_ll_sdmmc.o(i.SDMMC_Init)
    SDMMC_PowerState_ON                      0x08003d6d   Thumb Code    10  stm32f7xx_ll_sdmmc.o(i.SDMMC_PowerState_ON)
    SDMMC_ReadFIFO                           0x08003d77   Thumb Code     8  stm32f7xx_ll_sdmmc.o(i.SDMMC_ReadFIFO)
    SDMMC_SendCommand                        0x08003d7f   Thumb Code    40  stm32f7xx_ll_sdmmc.o(i.SDMMC_SendCommand)
    SD_Init                                  0x08004249   Thumb Code    62  drv_sdcard.o(i.SD_Init)
    SPI1_Init                                0x08004679   Thumb Code   100  drv_spi.o(i.SPI1_Init)
    SPI1_Init_CS                             0x080046e9   Thumb Code   136  drv_spi.o(i.SPI1_Init_CS)
    SPI1_ReadWriteByte                       0x0800477d   Thumb Code    28  drv_spi.o(i.SPI1_ReadWriteByte)
    SPI1_SetSpeed                            0x0800479d   Thumb Code    40  drv_spi.o(i.SPI1_SetSpeed)
    SPI2_Init                                0x080047c9   Thumb Code   100  drv_spi.o(i.SPI2_Init)
    SPI2_Init_CS                             0x08004839   Thumb Code    46  drv_spi.o(i.SPI2_Init_CS)
    SPI2_ReadWriteByte                       0x08004871   Thumb Code    28  drv_spi.o(i.SPI2_ReadWriteByte)
    SPI2_SetSpeed                            0x08004891   Thumb Code    40  drv_spi.o(i.SPI2_SetSpeed)
    SPI4_Init                                0x080048bd   Thumb Code   100  drv_spi.o(i.SPI4_Init)
    SPI4_Init_CS                             0x0800492d   Thumb Code    46  drv_spi.o(i.SPI4_Init_CS)
    SPI4_ReadWriteByte                       0x08004965   Thumb Code    46  drv_spi.o(i.SPI4_ReadWriteByte)
    SPI4_SetSpeed                            0x08004999   Thumb Code    40  drv_spi.o(i.SPI4_SetSpeed)
    SPI_BMI055_AccWriterReg                  0x080049c5   Thumb Code    54  drv_bmi055.o(i.SPI_BMI055_AccWriterReg)
    Sbus_Init                                0x08004bb9   Thumb Code    12  drv_sbus.o(i.Sbus_Init)
    Sbus_Parser                              0x08004bc9   Thumb Code   178  drv_sbus.o(i.Sbus_Parser)
    Stm32_Clock_Init                         0x08004c89   Thumb Code   100  sys.o(i.Stm32_Clock_Init)
    SysTick_Handler                          0x08004cf9   Thumb Code    26  stm32f765_it.o(i.SysTick_Handler)
    Sys_Clock_Set                            0x08004d19   Thumb Code   264  sys.o(i.Sys_Clock_Set)
    TIM1_PWM_Init                            0x08004e2d   Thumb Code   216  drv_pwm.o(i.TIM1_PWM_Init)
    TIM4_IRQHandler                          0x08004f11   Thumb Code   276  drv_ppm.o(i.TIM4_IRQHandler)
    TIM_Base_SetConfig                       0x08005035   Thumb Code   184  stm32f7xx_hal_tim.o(i.TIM_Base_SetConfig)
    TIM_CCxChannelCmd                        0x08005119   Thumb Code    28  stm32f7xx_hal_tim.o(i.TIM_CCxChannelCmd)
    TIM_OC1_SetConfig                        0x08005135   Thumb Code   102  stm32f7xx_hal_tim.o(i.TIM_OC1_SetConfig)
    TIM_OC2_SetConfig                        0x080051a9   Thumb Code   112  stm32f7xx_hal_tim.o(i.TIM_OC2_SetConfig)
    TIM_OC3_SetConfig                        0x08005225   Thumb Code   110  stm32f7xx_hal_tim.o(i.TIM_OC3_SetConfig)
    TIM_OC4_SetConfig                        0x080052a1   Thumb Code    88  stm32f7xx_hal_tim.o(i.TIM_OC4_SetConfig)
    Task_Trigger_Start                       0x080053b5   Thumb Code   116  systick.o(i.Task_Trigger_Start)
    USART2_IRQHandler                        0x08005439   Thumb Code   138  stm32f765_it.o(i.USART2_IRQHandler)
    USART3_IRQHandler                        0x080054d5   Thumb Code     8  stm32f765_it.o(i.USART3_IRQHandler)
    USART3_init                              0x080054dd   Thumb Code   178  drv_uart.o(i.USART3_init)
    Usart2_Send                              0x080055a1   Thumb Code    58  drv_uart.o(i.Usart2_Send)
    Usart3_isr                               0x080055e9   Thumb Code    38  drv_uart.o(i.Usart3_isr)
    Usart3_recv_cb                           0x08005615   Thumb Code    26  drv_uart.o(i.Usart3_recv_cb)
    _sys_exit                                0x0800563d   Thumb Code     4  drv_uart.o(i._sys_exit)
    delay_init                               0x08005641   Thumb Code    58  systick.o(i.delay_init)
    delay_ms                                 0x08005685   Thumb Code    18  systick.o(i.delay_ms)
    delay_us                                 0x08005699   Thumb Code    68  systick.o(i.delay_us)
    fifo_init                                0x080056e1   Thumb Code    34  mavlink_usart_fifo.o(i.fifo_init)
    main                                     0x08005703   Thumb Code    12  arducopter.o(i.main)
    timer_cb                                 0x08005711   Thumb Code    32  drv_sbus.o(i.timer_cb)
    _fp_init                                 0x08005739   Thumb Code    10  fpinit.o(x$fpl$fpinit)
    __fplib_config_fpu_vfp                   0x08005741   Thumb Code     0  fpinit.o(x$fpl$fpinit)
    __fplib_config_pureend_doubles           0x08005741   Thumb Code     0  fpinit.o(x$fpl$fpinit)
    FM25V01G_ID                              0x08005742   Data           9  drv_fm25v01g.o(.constdata)
    Region$$Table$$Base                      0x0800574c   Number         0  anon$$obj.o(Region$$Table)
    Region$$Table$$Limit                     0x0800576c   Number         0  anon$$obj.o(Region$$Table)
    mem3base                                 0x20000000   Data       61440  drv_malloc.o(.ARM.__AT_0x20000000)
    mem3mapbase                              0x2000f000   Data        3840  drv_malloc.o(.ARM.__AT_0x2000F000)
    mavlink_system                           0x20020000   Data           2  copter.o(.data)
    BMI055_acc_data                          0x20020002   Data           6  scheduler.o(.data)
    BMI055_gyro_data                         0x20020008   Data           6  scheduler.o(.data)
    UART1_TxCounter                          0x20020010   Data           1  drv_uart.o(.data)
    UART1_count                              0x20020011   Data           1  drv_uart.o(.data)
    UART2_TxCounter                          0x20020012   Data           1  drv_uart.o(.data)
    UART2_count                              0x20020013   Data           1  drv_uart.o(.data)
    UART3_TxCounter                          0x20020014   Data           1  drv_uart.o(.data)
    USART3_count                             0x20020018   Data           4  drv_uart.o(.data)
    USART3_rx_flag                           0x2002001c   Data           4  drv_uart.o(.data)
    USART3_rx_len                            0x20020020   Data           1  drv_uart.o(.data)
    __stdout                                 0x20020024   Data           4  drv_uart.o(.data)
    ms5611_pressure                          0x20020028   Data           4  drv_ms5611.o(.data)
    baroAlt                                  0x2002002c   Data           4  drv_ms5611.o(.data)
    baroAltOld                               0x20020030   Data           4  drv_ms5611.o(.data)
    baro_alt_speed                           0x20020034   Data           4  drv_ms5611.o(.data)
    baro_Offset                              0x20020038   Data           4  drv_ms5611.o(.data)
    ms5611_ut                                0x2002003c   Data           4  drv_ms5611.o(.data)
    ms5611_up                                0x20020040   Data           4  drv_ms5611.o(.data)
    temp_rxbuf                               0x20020044   Data           3  drv_ms5611.o(.data)
    press_rxbuf                              0x20020047   Data           3  drv_ms5611.o(.data)
    ms5611_ok                                0x2002004a   Data           1  drv_ms5611.o(.data)
    temperature_5611                         0x2002004c   Data           4  drv_ms5611.o(.data)
    acc_data                                 0x20020056   Data           6  drv_bmi055.o(.data)
    gyro_data                                0x2002005c   Data           6  drv_bmi055.o(.data)
    magRaw                                   0x20020062   Data           6  drv_ist8310.o(.data)
    ab                                       0x20020068   Data           1  drv_ist8310.o(.data)
    dtst                                     0x20020069   Data           1  drv_ist8310.o(.data)
    TIM4CH2_CAPTURE_STA                      0x20020070   Data           1  drv_ppm.o(.data)
    ppm_rx_sta                               0x20020071   Data           1  drv_ppm.o(.data)
    ppm_rx_num                               0x20020072   Data           1  drv_ppm.o(.data)
    TIM4CH2_CAPTURE_VAL                      0x20020074   Data           2  drv_ppm.o(.data)
    SystemCoreClock                          0x20020078   Data           4  systick.o(.data)
    time_1h                                  0x20020084   Data           4  systick.o(.data)
    time_1m                                  0x20020088   Data           4  systick.o(.data)
    time_1s                                  0x2002008c   Data           4  systick.o(.data)
    time_1ms                                 0x20020090   Data           4  systick.o(.data)
    SysTickUptime                            0x20020094   Data           4  stm32f765_it.o(.data)
    SysTickUptime1                           0x20020098   Data           4  stm32f765_it.o(.data)
    uwTick                                   0x2002009c   Data           4  stm32f7xx_hal.o(.data)
    checkdata_to_send                        0x200200a0   Data           1  ano_protocol.o(.data)
    checksum_to_send                         0x200200a1   Data           1  ano_protocol.o(.data)
    msg_id                                   0x200200a2   Data           1  ano_protocol.o(.data)
    msg_data                                 0x200200a3   Data           1  ano_protocol.o(.data)
    send_check                               0x200200a4   Data           1  ano_protocol.o(.data)
    send_version                             0x200200a5   Data           1  ano_protocol.o(.data)
    send_status                              0x200200a6   Data           1  ano_protocol.o(.data)
    send_senser                              0x200200a7   Data           1  ano_protocol.o(.data)
    send_senser2                             0x200200a8   Data           1  ano_protocol.o(.data)
    send_pid1                                0x200200a9   Data           1  ano_protocol.o(.data)
    send_pid2                                0x200200aa   Data           1  ano_protocol.o(.data)
    send_pid3                                0x200200ab   Data           1  ano_protocol.o(.data)
    send_pid4                                0x200200ac   Data           1  ano_protocol.o(.data)
    send_pid5                                0x200200ad   Data           1  ano_protocol.o(.data)
    send_pid6                                0x200200ae   Data           1  ano_protocol.o(.data)
    send_rcdata                              0x200200af   Data           1  ano_protocol.o(.data)
    send_offset                              0x200200b0   Data           1  ano_protocol.o(.data)
    send_motopwm                             0x200200b1   Data           1  ano_protocol.o(.data)
    send_power                               0x200200b2   Data           1  ano_protocol.o(.data)
    send_user                                0x200200b3   Data           1  ano_protocol.o(.data)
    send_speed                               0x200200b4   Data           1  ano_protocol.o(.data)
    send_location                            0x200200b5   Data           1  ano_protocol.o(.data)
    MS5611_BUFFER                            0x200200c4   Data          12  scheduler.o(.bss)
    sbusData                                 0x200200d0   Data          48  radio.o(.bss)
    radio_channel_roll                       0x20020100   Data          16  radio.o(.bss)
    radio_channel_pitch                      0x20020110   Data          16  radio.o(.bss)
    radio_channel_throttle                   0x20020120   Data          16  radio.o(.bss)
    radio_channel_yaw                        0x20020130   Data          16  radio.o(.bss)
    radio_channel5                           0x20020140   Data          16  radio.o(.bss)
    radio_channel6                           0x20020150   Data          16  radio.o(.bss)
    radio_channel7                           0x20020160   Data          16  radio.o(.bss)
    radio_channel8                           0x20020170   Data          16  radio.o(.bss)
    huart3                                   0x20020180   Data         112  drv_uart.o(.bss)
    UART1_TxBuffer                           0x200201f0   Data         256  drv_uart.o(.bss)
    UART2_TxBuffer                           0x200202f0   Data         256  drv_uart.o(.bss)
    UART2_Rx_Buf                             0x200203f0   Data         256  drv_uart.o(.bss)
    UART3_TxBuffer                           0x200204f0   Data         256  drv_uart.o(.bss)
    USART3_rx_buf                            0x200205f0   Data         256  drv_uart.o(.bss)
    SPI1_Handler                             0x200206f0   Data         100  drv_spi.o(.bss)
    SPI2_Handler                             0x20020754   Data         100  drv_spi.o(.bss)
    SPI4_Handler                             0x200207b8   Data         100  drv_spi.o(.bss)
    ms5611_prom                              0x2002081c   Data          16  drv_ms5611.o(.bss)
    sensor                                   0x2002082c   Data          36  drv_icm20602.o(.bss)
    sensor1                                  0x20020850   Data          36  drv_icm20689.o(.bss)
    sbus_channel                             0x20020874   Data          48  drv_sbus.o(.bss)
    TIM4_Handler                             0x200208a4   Data          60  drv_ppm.o(.bss)
    ppm_rx                                   0x200208e0   Data          20  drv_ppm.o(.bss)
    TIM1_Handler                             0x200208f4   Data          60  drv_pwm.o(.bss)
    TIM1_CH1Handler                          0x20020930   Data          28  drv_pwm.o(.bss)
    TIM1_CH2Handler                          0x2002094c   Data          28  drv_pwm.o(.bss)
    TIM1_CH3Handler                          0x20020968   Data          28  drv_pwm.o(.bss)
    TIM1_CH4Handler                          0x20020984   Data          28  drv_pwm.o(.bss)
    SDCARD_Handler                           0x200209a0   Data          96  drv_sdcard.o(.bss)
    SDCardInfo                               0x20020a00   Data          88  drv_sdcard.o(.bss)
    SDTxDMAHandler                           0x20020a58   Data          96  drv_sdcard.o(.bss)
    SDRxDMAHandler                           0x20020ab8   Data          96  drv_sdcard.o(.bss)
    SDIO_DATA_BUFFER                         0x20020b18   Data         512  drv_sdcard.o(.bss)
    LoopTime                                 0x20020d18   Data          26  systick.o(.bss)
    Cycle_T                                  0x20020d34   Data          96  systick.o(.bss)
    uart_rx_fifo                             0x20020d94   Data          12  mavlink_usart_fifo.o(.bss)
    uart_tx_fifo                             0x20020da0   Data          12  mavlink_usart_fifo.o(.bss)
    uart_tx_buf                              0x20020dac   Data         255  mavlink_usart_fifo.o(.bss)
    uart_rx_buf                              0x20020eab   Data         255  mavlink_usart_fifo.o(.bss)
    data_to_send                             0x20020faa   Data          50  ano_protocol.o(.bss)
    __libspace_start                         0x20021010   Data          96  libspace.o(.bss)
    __temporary_stack_top$libspace           0x20021070   Data           0  libspace.o(.bss)
    mem2base                                 0xc01f4000   Data       29605888  drv_malloc.o(.ARM.__AT_0xC01F4000)
    mem2mapbase                              0xc1e30000   Data       1850368  drv_malloc.o(.ARM.__AT_0xC1E30000)



==============================================================================

Memory Map of the image

  Image Entry point : 0x080001f9

  Load Region LR_IROM1 (Base: 0x08000000, Size: 0x00005830, Max: 0x00200000, ABSOLUTE)

    Execution Region ER_IROM1 (Base: 0x08000000, Size: 0x0000576c, Max: 0x00200000, ABSOLUTE)

    Base Addr    Size         Type   Attr      Idx    E Section Name        Object

    0x08000000   0x000001f8   Data   RO         4436    RESET               startup_stm32f765xx.o
    0x080001f8   0x00000008   Code   RO         7366  * !!!main             c_w.l(__main.o)
    0x08000200   0x00000034   Code   RO         7700    !!!scatter          c_w.l(__scatter.o)
    0x08000234   0x0000001a   Code   RO         7702    !!handler_copy      c_w.l(__scatter_copy.o)
    0x0800024e   0x00000002   PAD
    0x08000250   0x0000001c   Code   RO         7704    !!handler_zi        c_w.l(__scatter_zi.o)
    0x0800026c   0x00000002   Code   RO         7632    .ARM.Collect$$libinit$$00000000  c_w.l(libinit.o)
    0x0800026e   0x00000004   Code   RO         7475    .ARM.Collect$$libinit$$00000001  c_w.l(libinit2.o)
    0x08000272   0x00000000   Code   RO         7478    .ARM.Collect$$libinit$$00000004  c_w.l(libinit2.o)
    0x08000272   0x00000000   Code   RO         7481    .ARM.Collect$$libinit$$0000000A  c_w.l(libinit2.o)
    0x08000272   0x00000000   Code   RO         7483    .ARM.Collect$$libinit$$0000000C  c_w.l(libinit2.o)
    0x08000272   0x00000000   Code   RO         7485    .ARM.Collect$$libinit$$0000000E  c_w.l(libinit2.o)
    0x08000272   0x00000000   Code   RO         7488    .ARM.Collect$$libinit$$00000011  c_w.l(libinit2.o)
    0x08000272   0x00000000   Code   RO         7490    .ARM.Collect$$libinit$$00000013  c_w.l(libinit2.o)
    0x08000272   0x00000000   Code   RO         7492    .ARM.Collect$$libinit$$00000015  c_w.l(libinit2.o)
    0x08000272   0x00000000   Code   RO         7494    .ARM.Collect$$libinit$$00000017  c_w.l(libinit2.o)
    0x08000272   0x00000000   Code   RO         7496    .ARM.Collect$$libinit$$00000019  c_w.l(libinit2.o)
    0x08000272   0x00000000   Code   RO         7498    .ARM.Collect$$libinit$$0000001B  c_w.l(libinit2.o)
    0x08000272   0x00000000   Code   RO         7500    .ARM.Collect$$libinit$$0000001D  c_w.l(libinit2.o)
    0x08000272   0x00000000   Code   RO         7502    .ARM.Collect$$libinit$$0000001F  c_w.l(libinit2.o)
    0x08000272   0x00000000   Code   RO         7504    .ARM.Collect$$libinit$$00000021  c_w.l(libinit2.o)
    0x08000272   0x00000000   Code   RO         7506    .ARM.Collect$$libinit$$00000023  c_w.l(libinit2.o)
    0x08000272   0x00000000   Code   RO         7508    .ARM.Collect$$libinit$$00000025  c_w.l(libinit2.o)
    0x08000272   0x00000000   Code   RO         7512    .ARM.Collect$$libinit$$0000002C  c_w.l(libinit2.o)
    0x08000272   0x00000000   Code   RO         7514    .ARM.Collect$$libinit$$0000002E  c_w.l(libinit2.o)
    0x08000272   0x00000000   Code   RO         7516    .ARM.Collect$$libinit$$00000030  c_w.l(libinit2.o)
    0x08000272   0x00000000   Code   RO         7518    .ARM.Collect$$libinit$$00000032  c_w.l(libinit2.o)
    0x08000272   0x00000002   Code   RO         7519    .ARM.Collect$$libinit$$00000033  c_w.l(libinit2.o)
    0x08000274   0x00000002   Code   RO         7667    .ARM.Collect$$libshutdown$$00000000  c_w.l(libshutdown.o)
    0x08000276   0x00000000   Code   RO         7683    .ARM.Collect$$libshutdown$$00000002  c_w.l(libshutdown2.o)
    0x08000276   0x00000000   Code   RO         7685    .ARM.Collect$$libshutdown$$00000004  c_w.l(libshutdown2.o)
    0x08000276   0x00000000   Code   RO         7688    .ARM.Collect$$libshutdown$$00000007  c_w.l(libshutdown2.o)
    0x08000276   0x00000000   Code   RO         7691    .ARM.Collect$$libshutdown$$0000000A  c_w.l(libshutdown2.o)
    0x08000276   0x00000000   Code   RO         7693    .ARM.Collect$$libshutdown$$0000000C  c_w.l(libshutdown2.o)
    0x08000276   0x00000000   Code   RO         7696    .ARM.Collect$$libshutdown$$0000000F  c_w.l(libshutdown2.o)
    0x08000276   0x00000002   Code   RO         7697    .ARM.Collect$$libshutdown$$00000010  c_w.l(libshutdown2.o)
    0x08000278   0x00000000   Code   RO         7458    .ARM.Collect$$rtentry$$00000000  c_w.l(__rtentry.o)
    0x08000278   0x00000000   Code   RO         7579    .ARM.Collect$$rtentry$$00000002  c_w.l(__rtentry2.o)
    0x08000278   0x00000006   Code   RO         7591    .ARM.Collect$$rtentry$$00000004  c_w.l(__rtentry4.o)
    0x0800027e   0x00000000   Code   RO         7581    .ARM.Collect$$rtentry$$00000009  c_w.l(__rtentry2.o)
    0x0800027e   0x00000004   Code   RO         7582    .ARM.Collect$$rtentry$$0000000A  c_w.l(__rtentry2.o)
    0x08000282   0x00000000   Code   RO         7584    .ARM.Collect$$rtentry$$0000000C  c_w.l(__rtentry2.o)
    0x08000282   0x00000008   Code   RO         7585    .ARM.Collect$$rtentry$$0000000D  c_w.l(__rtentry2.o)
    0x0800028a   0x00000002   Code   RO         7635    .ARM.Collect$$rtexit$$00000000  c_w.l(rtexit.o)
    0x0800028c   0x00000000   Code   RO         7651    .ARM.Collect$$rtexit$$00000002  c_w.l(rtexit2.o)
    0x0800028c   0x00000004   Code   RO         7652    .ARM.Collect$$rtexit$$00000003  c_w.l(rtexit2.o)
    0x08000290   0x00000006   Code   RO         7653    .ARM.Collect$$rtexit$$00000004  c_w.l(rtexit2.o)
    0x08000296   0x00000002   PAD
    0x08000298   0x0000005c   Code   RO         4437    .text               startup_stm32f765xx.o
    0x080002f4   0x00000002   Code   RO         7278    .text               c_w.l(use_no_semi_2.o)
    0x080002f6   0x0000008a   Code   RO         7354    .text               c_w.l(rt_memcpy_v6.o)
    0x08000380   0x00000064   Code   RO         7356    .text               c_w.l(rt_memcpy_w.o)
    0x080003e4   0x0000004e   Code   RO         7360    .text               c_w.l(rt_memclr_w.o)
    0x08000432   0x00000006   Code   RO         7364    .text               c_w.l(heapauxi.o)
    0x08000438   0x00000002   Code   RO         7456    .text               c_w.l(use_no_semi.o)
    0x0800043a   0x00000002   PAD
    0x0800043c   0x00000008   Code   RO         7610    .text               c_w.l(libspace.o)
    0x08000444   0x0000004a   Code   RO         7613    .text               c_w.l(sys_stackheap_outer.o)
    0x0800048e   0x00000012   Code   RO         7617    .text               c_w.l(exit.o)
    0x080004a0   0x00000040   Code   RO         1972    i.BMI055_Acc_Chip_Identification  drv_bmi055.o
    0x080004e0   0x00000018   Code   RO         1973    i.BMI055_CHIP_Identification  drv_bmi055.o
    0x080004f8   0x00000040   Code   RO         1974    i.BMI055_Gyro_Chip_Identification  drv_bmi055.o
    0x08000538   0x000000ac   Code   RO         1975    i.BMI055_Init       drv_bmi055.o
    0x080005e4   0x00000104   Code   RO         1976    i.BMI055_Read_Data  drv_bmi055.o
    0x080006e8   0x00000108   Code   RO          851    i.Board_Init        copter.o
    0x080007f0   0x00000078   Code   RO         2772    i.Cache_Enable      sys.o
    0x08000868   0x000003f8   Code   RO         7139    i.Communicate_DT_Data_Exchange  ano_protocol.o
    0x08000c60   0x0000006c   Code   RO         7140    i.Communicate_DT_Data_Receive_Anl  ano_protocol.o
    0x08000ccc   0x000000e8   Code   RO         7141    i.Communicate_DT_Data_Receive_Prepare  ano_protocol.o
    0x08000db4   0x00000048   Code   RO         7142    i.Communicate_DT_Send_Check  ano_protocol.o
    0x08000dfc   0x00000014   Code   RO         7143    i.Communicate_DT_Send_Data  ano_protocol.o
    0x08000e10   0x00000048   Code   RO         7146    i.Communicate_DT_Send_Msg  ano_protocol.o
    0x08000e58   0x0000019c   Code   RO         7150    i.Communicate_DT_Send_Senser  ano_protocol.o
    0x08000ff4   0x000000a0   Code   RO         7151    i.Communicate_DT_Send_Senser2  ano_protocol.o
    0x08001094   0x000000f8   Code   RO         7152    i.Communicate_DT_Send_Speed  ano_protocol.o
    0x0800118c   0x00000158   Code   RO         7153    i.Communicate_DT_Send_Status  ano_protocol.o
    0x080012e4   0x0000005c   Code   RO         7154    i.Communicate_DT_Send_User  ano_protocol.o
    0x08001340   0x000000cc   Code   RO         7155    i.Communicate_DT_Send_Version  ano_protocol.o
    0x0800140c   0x00000134   Code   RO         2440    i.FM25V01G_Detect   drv_fm25v01g.o
    0x08001540   0x00000050   Code   RO         2441    i.FM25V01G_ReadByte  drv_fm25v01g.o
    0x08001590   0x00000060   Code   RO         2442    i.FM25V01G_ReadMemory  drv_fm25v01g.o
    0x080015f0   0x00000090   Code   RO         2443    i.FM25V01G_WriteByte  drv_fm25v01g.o
    0x08001680   0x0000009c   Code   RO         2444    i.FM25V01G_WriteMemory  drv_fm25v01g.o
    0x0800171c   0x00000040   Code   RO         2774    i.GPIO_AF_Set       sys.o
    0x0800175c   0x00000010   Code   RO         2775    i.GPIO_Pin_Get      sys.o
    0x0800176c   0x00000010   Code   RO         2776    i.GPIO_Pin_Set      sys.o
    0x0800177c   0x000000de   Code   RO         2777    i.GPIO_Set          sys.o
    0x0800185a   0x0000001a   Code   RO         3651    i.HAL_Delay         stm32f7xx_hal.o
    0x08001874   0x00000218   Code   RO         3946    i.HAL_GPIO_Init     stm32f7xx_hal_gpio.o
    0x08001a8c   0x0000000c   Code   RO         3950    i.HAL_GPIO_WritePin  stm32f7xx_hal_gpio.o
    0x08001a98   0x0000000c   Code   RO         3661    i.HAL_GetTick       stm32f7xx_hal.o
    0x08001aa4   0x00000010   Code   RO         3662    i.HAL_IncTick       stm32f7xx_hal.o
    0x08001ab4   0x000002ee   Code   RO         4550    i.HAL_SD_Get_CardInfo  stm32f7xx_hal_sd.o
    0x08001da2   0x0000009c   Code   RO         4553    i.HAL_SD_Init       stm32f7xx_hal_sd.o
    0x08001e3e   0x00000002   PAD
    0x08001e40   0x000000b0   Code   RO         2386    i.HAL_SD_MspInit    drv_sdcard.o
    0x08001ef0   0x0000007e   Code   RO         4560    i.HAL_SD_WideBusOperation_Config  stm32f7xx_hal_sd.o
    0x08001f6e   0x000000d8   Code   RO         3051    i.HAL_SPI_Init      stm32f7xx_hal_spi.o
    0x08002046   0x00000002   PAD
    0x08002048   0x00000198   Code   RO         1564    i.HAL_SPI_MspInit   drv_spi.o
    0x080021e0   0x000001b0   Code   RO         3059    i.HAL_SPI_Transmit  stm32f7xx_hal_spi.o
    0x08002390   0x00000366   Code   RO         3060    i.HAL_SPI_TransmitReceive  stm32f7xx_hal_spi.o
    0x080026f6   0x00000028   Code   RO         3827    i.HAL_SYSTICK_CLKSourceConfig  stm32f7xx_hal_cortex.o
    0x0800271e   0x00000002   PAD
    0x08002720   0x00000018   Code   RO         2195    i.HAL_SYSTICK_Callback  drv_sbus.o
    0x08002738   0x00000008   Code   RO         3830    i.HAL_SYSTICK_IRQHandler  stm32f7xx_hal_cortex.o
    0x08002740   0x00000174   Code   RO         5492    i.HAL_TIM_PWM_ConfigChannel  stm32f7xx_hal_tim_ex.o
    0x080028b4   0x00000034   Code   RO         4879    i.HAL_TIM_PWM_Init  stm32f7xx_hal_tim.o
    0x080028e8   0x000000a8   Code   RO         2305    i.HAL_TIM_PWM_MspInit  drv_pwm.o
    0x08002990   0x0000004c   Code   RO         4883    i.HAL_TIM_PWM_Start  stm32f7xx_hal_tim.o
    0x080029dc   0x00000054   Code   RO         4890    i.HAL_TIM_ReadCapturedValue  stm32f7xx_hal_tim.o
    0x08002a30   0x0000009c   Code   RO         1794    i.ICM_20602_Init    drv_icm20602.o
    0x08002acc   0x00000058   Code   RO         1795    i.ICM_20602_ReadRegister  drv_icm20602.o
    0x08002b24   0x000000fc   Code   RO         1796    i.ICM_20602_Read_Data  drv_icm20602.o
    0x08002c20   0x00000024   Code   RO         1797    i.ICM_20602_SpiDetect  drv_icm20602.o
    0x08002c44   0x0000003c   Code   RO         1798    i.ICM_20602_WriteRegister  drv_icm20602.o
    0x08002c80   0x0000009c   Code   RO         1854    i.ICM_20689_Init    drv_icm20689.o
    0x08002d1c   0x00000058   Code   RO         1855    i.ICM_20689_ReadRegister  drv_icm20689.o
    0x08002d74   0x000000fc   Code   RO         1856    i.ICM_20689_Read_Data  drv_icm20689.o
    0x08002e70   0x00000024   Code   RO         1857    i.ICM_20689_SpiDetect  drv_icm20689.o
    0x08002e94   0x0000003c   Code   RO         1858    i.ICM_20689_WriteRegister  drv_icm20689.o
    0x08002ed0   0x00000054   Code   RO         2047    i.IIC3_Ack          drv_iic.o
    0x08002f24   0x00000044   Code   RO         2048    i.IIC3_Init         drv_iic.o
    0x08002f68   0x00000054   Code   RO         2049    i.IIC3_NAck         drv_iic.o
    0x08002fbc   0x00000050   Code   RO         2050    i.IIC3_Read_1Byte   drv_iic.o
    0x0800300c   0x0000006c   Code   RO         2051    i.IIC3_Read_Byte    drv_iic.o
    0x08003078   0x0000006c   Code   RO         2053    i.IIC3_Send_Byte    drv_iic.o
    0x080030e4   0x00000054   Code   RO         2054    i.IIC3_Start        drv_iic.o
    0x08003138   0x00000054   Code   RO         2055    i.IIC3_Stop         drv_iic.o
    0x0800318c   0x00000068   Code   RO         2056    i.IIC3_Wait_Ack     drv_iic.o
    0x080031f4   0x0000003e   Code   RO         2057    i.IIC3_Write_1Byte  drv_iic.o
    0x08003232   0x00000002   PAD
    0x08003234   0x0000001c   Code   RO         2137    i.IST8310_Detect    drv_ist8310.o
    0x08003250   0x00000012   Code   RO         2138    i.IST8310_Init      drv_ist8310.o
    0x08003262   0x00000002   PAD
    0x08003264   0x00000020   Code   RO         2140    i.IST8310_ReadReg   drv_ist8310.o
    0x08003284   0x00000090   Code   RO         2141    i.IST8310_Update    drv_ist8310.o
    0x08003314   0x00000012   Code   RO         2142    i.IST8310_WriteReg  drv_ist8310.o
    0x08003326   0x00000002   PAD
    0x08003328   0x0000006c   Code   RO         1441    i.LED_Init          drv_led.o
    0x08003394   0x0000004c   Code   RO         1375    i.LTRrgb_LED_Init   drv_ltr.o
    0x080033e0   0x000000e0   Code   RO          881    i.Loop_Schedule     scheduler.o
    0x080034c0   0x00000002   Code   RO          882    i.Loop_Task_100ms   scheduler.o
    0x080034c2   0x00000002   PAD
    0x080034c4   0x00000058   Code   RO          883    i.Loop_Task_10ms    scheduler.o
    0x0800351c   0x00000008   Code   RO          884    i.Loop_Task_1ms     scheduler.o
    0x08003524   0x0000002c   Code   RO          885    i.Loop_Task_20ms    scheduler.o
    0x08003550   0x00000002   Code   RO          886    i.Loop_Task_25ms    scheduler.o
    0x08003552   0x00000002   PAD
    0x08003554   0x0000001c   Code   RO          887    i.Loop_Task_2ms     scheduler.o
    0x08003570   0x00000002   Code   RO          888    i.Loop_Task_50ms    scheduler.o
    0x08003572   0x00000002   Code   RO          889    i.Loop_Task_5ms     scheduler.o
    0x08003574   0x00000002   Code   RO          890    i.Loop_Task_80ms    scheduler.o
    0x08003576   0x00000002   Code   RO          891    i.Loop_Task_90ms    scheduler.o
    0x08003578   0x00000090   Code   RO         2900    i.Loop_check        systick.o
    0x08003608   0x000001b0   Code   RO         1697    i.MS5611_BaroAltCalculate  drv_ms5611.o
    0x080037b8   0x0000002c   Code   RO         1699    i.MS5611_Init       drv_ms5611.o
    0x080037e4   0x00000050   Code   RO         1700    i.MS5611_ReadRegister  drv_ms5611.o
    0x08003834   0x00000014   Code   RO         1701    i.MS5611_Read_Adc_Pressure  drv_ms5611.o
    0x08003848   0x00000014   Code   RO         1702    i.MS5611_Read_Adc_Temperature  drv_ms5611.o
    0x0800385c   0x0000004c   Code   RO         1703    i.MS5611_Read_Prom  drv_ms5611.o
    0x080038a8   0x00000014   Code   RO         1704    i.MS5611_Reset      drv_ms5611.o
    0x080038bc   0x0000000c   Code   RO         1705    i.MS5611_Start_Press  drv_ms5611.o
    0x080038c8   0x0000000c   Code   RO         1706    i.MS5611_Start_Temperature  drv_ms5611.o
    0x080038d4   0x00000034   Code   RO         1707    i.MS5611_Update     drv_ms5611.o
    0x08003908   0x00000034   Code   RO         1708    i.MS5611_WriteRegister  drv_ms5611.o
    0x0800393c   0x00000078   Code   RO         2780    i.MY_NVIC_Init      sys.o
    0x080039b4   0x00000028   Code   RO         2781    i.MY_NVIC_PriorityGroupConfig  sys.o
    0x080039dc   0x00000010   Code   RO         2782    i.MY_NVIC_SetVectorTable  sys.o
    0x080039ec   0x00000090   Code   RO         2252    i.PPM_Signal_Analysis  drv_ppm.o
    0x08003a7c   0x0000019c   Code   RO         1003    i.Radio_init_in     radio.o
    0x08003c18   0x00000012   Code   RO         1012    i.Radio_set_angle   radio.o
    0x08003c2a   0x0000000a   Code   RO         1013    i.Radio_set_default_dead_zone  radio.o
    0x08003c34   0x00000012   Code   RO         1014    i.Radio_set_range   radio.o
    0x08003c46   0x00000002   PAD
    0x08003c48   0x0000009c   Code   RO         2783    i.SCB_EnableDCache  sys.o
    0x08003ce4   0x0000002c   Code   RO         4444    i.SDMMC_DataConfig  stm32f7xx_ll_sdmmc.o
    0x08003d10   0x00000008   Code   RO         4445    i.SDMMC_GetCommandResponse  stm32f7xx_ll_sdmmc.o
    0x08003d18   0x0000000a   Code   RO         4448    i.SDMMC_GetPowerState  stm32f7xx_ll_sdmmc.o
    0x08003d22   0x00000016   Code   RO         4449    i.SDMMC_GetResponse  stm32f7xx_ll_sdmmc.o
    0x08003d38   0x00000034   Code   RO         4450    i.SDMMC_Init        stm32f7xx_ll_sdmmc.o
    0x08003d6c   0x0000000a   Code   RO         4452    i.SDMMC_PowerState_ON  stm32f7xx_ll_sdmmc.o
    0x08003d76   0x00000008   Code   RO         4453    i.SDMMC_ReadFIFO    stm32f7xx_ll_sdmmc.o
    0x08003d7e   0x00000028   Code   RO         4454    i.SDMMC_SendCommand  stm32f7xx_ll_sdmmc.o
    0x08003da6   0x00000036   Code   RO         4565    i.SD_CmdError       stm32f7xx_hal_sd.o
    0x08003ddc   0x00000184   Code   RO         4566    i.SD_CmdResp1Error  stm32f7xx_hal_sd.o
    0x08003f60   0x00000046   Code   RO         4567    i.SD_CmdResp2Error  stm32f7xx_hal_sd.o
    0x08003fa6   0x00000032   Code   RO         4568    i.SD_CmdResp3Error  stm32f7xx_hal_sd.o
    0x08003fd8   0x000000ae   Code   RO         4569    i.SD_CmdResp6Error  stm32f7xx_hal_sd.o
    0x08004086   0x00000066   Code   RO         4570    i.SD_CmdResp7Error  stm32f7xx_hal_sd.o
    0x080040ec   0x0000015a   Code   RO         4575    i.SD_FindSCR        stm32f7xx_hal_sd.o
    0x08004246   0x00000002   PAD
    0x08004248   0x0000004c   Code   RO         2388    i.SD_Init           drv_sdcard.o
    0x08004294   0x0000010a   Code   RO         4577    i.SD_Initialize_Cards  stm32f7xx_hal_sd.o
    0x0800439e   0x00000002   PAD
    0x080043a0   0x0000016c   Code   RO         4580    i.SD_PowerON        stm32f7xx_hal_sd.o
    0x0800450c   0x00000038   Code   RO         4581    i.SD_Select_Deselect  stm32f7xx_hal_sd.o
    0x08004544   0x0000009a   Code   RO         4583    i.SD_WideBus_Disable  stm32f7xx_hal_sd.o
    0x080045de   0x0000009a   Code   RO         4584    i.SD_WideBus_Enable  stm32f7xx_hal_sd.o
    0x08004678   0x00000070   Code   RO         1565    i.SPI1_Init         drv_spi.o
    0x080046e8   0x00000094   Code   RO         1566    i.SPI1_Init_CS      drv_spi.o
    0x0800477c   0x00000020   Code   RO         1567    i.SPI1_ReadWriteByte  drv_spi.o
    0x0800479c   0x0000002c   Code   RO         1568    i.SPI1_SetSpeed     drv_spi.o
    0x080047c8   0x00000070   Code   RO         1569    i.SPI2_Init         drv_spi.o
    0x08004838   0x00000038   Code   RO         1570    i.SPI2_Init_CS      drv_spi.o
    0x08004870   0x00000020   Code   RO         1571    i.SPI2_ReadWriteByte  drv_spi.o
    0x08004890   0x0000002c   Code   RO         1572    i.SPI2_SetSpeed     drv_spi.o
    0x080048bc   0x00000070   Code   RO         1573    i.SPI4_Init         drv_spi.o
    0x0800492c   0x00000038   Code   RO         1574    i.SPI4_Init_CS      drv_spi.o
    0x08004964   0x00000034   Code   RO         1575    i.SPI4_ReadWriteByte  drv_spi.o
    0x08004998   0x0000002c   Code   RO         1576    i.SPI4_SetSpeed     drv_spi.o
    0x080049c4   0x00000040   Code   RO         1978    i.SPI_BMI055_AccWriterReg  drv_bmi055.o
    0x08004a04   0x0000005c   Code   RO         3087    i.SPI_EndRxTxTransaction  stm32f7xx_hal_spi.o
    0x08004a60   0x000000b4   Code   RO         3094    i.SPI_WaitFifoStateUntilTimeout  stm32f7xx_hal_spi.o
    0x08004b14   0x000000a2   Code   RO         3095    i.SPI_WaitFlagStateUntilTimeout  stm32f7xx_hal_spi.o
    0x08004bb6   0x00000002   PAD
    0x08004bb8   0x00000010   Code   RO         2196    i.Sbus_Init         drv_sbus.o
    0x08004bc8   0x000000c0   Code   RO         2197    i.Sbus_Parser       drv_sbus.o
    0x08004c88   0x00000070   Code   RO         2784    i.Stm32_Clock_Init  sys.o
    0x08004cf8   0x00000020   Code   RO         2993    i.SysTick_Handler   stm32f765_it.o
    0x08004d18   0x00000114   Code   RO         2785    i.Sys_Clock_Set     sys.o
    0x08004e2c   0x000000e4   Code   RO         2307    i.TIM1_PWM_Init     drv_pwm.o
    0x08004f10   0x00000124   Code   RO         2253    i.TIM4_IRQHandler   drv_ppm.o
    0x08005034   0x000000e4   Code   RO         4894    i.TIM_Base_SetConfig  stm32f7xx_hal_tim.o
    0x08005118   0x0000001c   Code   RO         4895    i.TIM_CCxChannelCmd  stm32f7xx_hal_tim.o
    0x08005134   0x00000074   Code   RO         4903    i.TIM_OC1_SetConfig  stm32f7xx_hal_tim.o
    0x080051a8   0x0000007c   Code   RO         4904    i.TIM_OC2_SetConfig  stm32f7xx_hal_tim.o
    0x08005224   0x0000007c   Code   RO         4905    i.TIM_OC3_SetConfig  stm32f7xx_hal_tim.o
    0x080052a0   0x00000064   Code   RO         4906    i.TIM_OC4_SetConfig  stm32f7xx_hal_tim.o
    0x08005304   0x00000058   Code   RO         5495    i.TIM_OC5_SetConfig  stm32f7xx_hal_tim_ex.o
    0x0800535c   0x00000058   Code   RO         5496    i.TIM_OC6_SetConfig  stm32f7xx_hal_tim_ex.o
    0x080053b4   0x00000084   Code   RO         2902    i.Task_Trigger_Start  systick.o
    0x08005438   0x0000009c   Code   RO         2994    i.USART2_IRQHandler  stm32f765_it.o
    0x080054d4   0x00000008   Code   RO         2995    i.USART3_IRQHandler  stm32f765_it.o
    0x080054dc   0x000000c4   Code   RO         1467    i.USART3_init       drv_uart.o
    0x080055a0   0x00000048   Code   RO         1469    i.Usart2_Send       drv_uart.o
    0x080055e8   0x0000002c   Code   RO         1471    i.Usart3_isr        drv_uart.o
    0x08005614   0x00000028   Code   RO         1472    i.Usart3_recv_cb    drv_uart.o
    0x0800563c   0x00000004   Code   RO         1473    i._sys_exit         drv_uart.o
    0x08005640   0x00000044   Code   RO         2903    i.delay_init        systick.o
    0x08005684   0x00000012   Code   RO         2904    i.delay_ms          systick.o
    0x08005696   0x00000002   PAD
    0x08005698   0x00000048   Code   RO         2905    i.delay_us          systick.o
    0x080056e0   0x00000022   Code   RO         6924    i.fifo_init         mavlink_usart_fifo.o
    0x08005702   0x0000000c   Code   RO            4    i.main              arducopter.o
    0x0800570e   0x00000002   PAD
    0x08005710   0x00000028   Code   RO         2199    i.timer_cb          drv_sbus.o
    0x08005738   0x0000000a   Code   RO         7608    x$fpl$fpinit        fz_wv.l(fpinit.o)
    0x08005742   0x00000009   Data   RO         2445    .constdata          drv_fm25v01g.o
    0x0800574b   0x00000001   PAD
    0x0800574c   0x00000020   Data   RO         7698    Region$$Table       anon$$obj.o


    Execution Region RW_IRAM1 (Base: 0x20020000, Size: 0x00001870, Max: 0x00060000, ABSOLUTE)

    Base Addr    Size         Type   Attr      Idx    E Section Name        Object

    0x20020000   0x00000002   Data   RW          852    .data               copter.o
    0x20020002   0x0000000d   Data   RW          893    .data               scheduler.o
    0x2002000f   0x00000001   PAD
    0x20020010   0x00000018   Data   RW         1477    .data               drv_uart.o
    0x20020028   0x0000002e   Data   RW         1710    .data               drv_ms5611.o
    0x20020056   0x0000000c   Data   RW         1981    .data               drv_bmi055.o
    0x20020062   0x00000008   Data   RW         2143    .data               drv_ist8310.o
    0x2002006a   0x00000002   PAD
    0x2002006c   0x00000004   Data   RW         2201    .data               drv_sbus.o
    0x20020070   0x00000006   Data   RW         2256    .data               drv_ppm.o
    0x20020076   0x00000002   PAD
    0x20020078   0x0000001c   Data   RW         2907    .data               systick.o
    0x20020094   0x00000008   Data   RW         2996    .data               stm32f765_it.o
    0x2002009c   0x00000004   Data   RW         3669    .data               stm32f7xx_hal.o
    0x200200a0   0x00000023   Data   RW         7157    .data               ano_protocol.o
    0x200200c3   0x00000001   PAD
    0x200200c4   0x0000000c   Zero   RW          892    .bss                scheduler.o
    0x200200d0   0x000000b0   Zero   RW         1017    .bss                radio.o
    0x20020180   0x00000570   Zero   RW         1476    .bss                drv_uart.o
    0x200206f0   0x0000012c   Zero   RW         1577    .bss                drv_spi.o
    0x2002081c   0x00000010   Zero   RW         1709    .bss                drv_ms5611.o
    0x2002082c   0x00000024   Zero   RW         1799    .bss                drv_icm20602.o
    0x20020850   0x00000024   Zero   RW         1859    .bss                drv_icm20689.o
    0x20020874   0x00000030   Zero   RW         2200    .bss                drv_sbus.o
    0x200208a4   0x00000050   Zero   RW         2255    .bss                drv_ppm.o
    0x200208f4   0x000000ac   Zero   RW         2312    .bss                drv_pwm.o
    0x200209a0   0x00000378   Zero   RW         2391    .bss                drv_sdcard.o
    0x20020d18   0x0000007c   Zero   RW         2906    .bss                systick.o
    0x20020d94   0x00000216   Zero   RW         6932    .bss                mavlink_usart_fifo.o
    0x20020faa   0x00000064   Zero   RW         7156    .bss                ano_protocol.o
    0x2002100e   0x00000002   PAD
    0x20021010   0x00000060   Zero   RW         7611    .bss                c_w.l(libspace.o)
    0x20021070   0x00000000   Zero   RW         4435    HEAP                startup_stm32f765xx.o
    0x20021070   0x00000800   Zero   RW         4434    STACK               startup_stm32f765xx.o



  Load Region LR$$.ARM.__AT_0x20000000 (Base: 0x20000000, Size: 0x00000000, Max: 0x0000f000, ABSOLUTE)

    Execution Region ER$$.ARM.__AT_0x20000000 (Base: 0x20000000, Size: 0x0000f000, Max: 0x0000f000, ABSOLUTE, UNINIT)

    Base Addr    Size         Type   Attr      Idx    E Section Name        Object

    0x20000000   0x0000f000   Zero   RW         2639    .ARM.__AT_0x20000000  drv_malloc.o



  Load Region LR$$.ARM.__AT_0x2000F000 (Base: 0x2000f000, Size: 0x00000000, Max: 0x00000f00, ABSOLUTE)

    Execution Region ER$$.ARM.__AT_0x2000F000 (Base: 0x2000f000, Size: 0x00000f00, Max: 0x00000f00, ABSOLUTE, UNINIT)

    Base Addr    Size         Type   Attr      Idx    E Section Name        Object

    0x2000f000   0x00000f00   Zero   RW         2640    .ARM.__AT_0x2000F000  drv_malloc.o



  Load Region LR$$.ARM.__AT_0xC01F4000 (Base: 0xc01f4000, Size: 0x00000000, Max: 0x01c3c000, ABSOLUTE)

    Execution Region ER$$.ARM.__AT_0xC01F4000 (Base: 0xc01f4000, Size: 0x01c3c000, Max: 0x01c3c000, ABSOLUTE, UNINIT)

    Base Addr    Size         Type   Attr      Idx    E Section Name        Object

    0xc01f4000   0x01c3c000   Zero   RW         2641    .ARM.__AT_0xC01F4000  drv_malloc.o



  Load Region LR$$.ARM.__AT_0xC1E30000 (Base: 0xc1e30000, Size: 0x00000000, Max: 0x001c3c00, ABSOLUTE)

    Execution Region ER$$.ARM.__AT_0xC1E30000 (Base: 0xc1e30000, Size: 0x001c3c00, Max: 0x001c3c00, ABSOLUTE, UNINIT)

    Base Addr    Size         Type   Attr      Idx    E Section Name        Object

    0xc1e30000   0x001c3c00   Zero   RW         2642    .ARM.__AT_0xC1E30000  drv_malloc.o


==============================================================================

Image component sizes


      Code (inc. data)   RO Data    RW Data    ZI Data      Debug   Object Name

      2980        222          0         35        100      13478   ano_protocol.o
        12          0          0          0          0     323291   arducopter.o
       264         28          0          2          0        854   copter.o
       648         38          0         12          0       4356   drv_bmi055.o
       784         36          9          0          0       4462   drv_fm25v01g.o
       592         30          0          0         36       3921   drv_icm20602.o
       592         30          0          0         36       3922   drv_icm20689.o
       866         42          0          0          0       6239   drv_iic.o
       240         14          0          8          0       3322   drv_ist8310.o
       108         12          0          0          0        495   drv_led.o
        76          8          0          0          0        510   drv_ltr.o
         0          0          0          0   31521536       1822   drv_malloc.o
       820         74          0         46         16       7506   drv_ms5611.o
       436         38          0          6         80       1896   drv_ppm.o
       396         24          0          0        172       2225   drv_pwm.o
       272         32          0          4         48       2783   drv_sbus.o
       252         26          0          0        888       2154   drv_sdcard.o
      1252        118          0          0        300       7699   drv_spi.o
       356         52          0         24       1392       5293   drv_uart.o
        34          0          0          0        534       1948   mavlink_usart_fifo.o
       458         32          0          0        176       3795   radio.o
       404         28          0         13         12       6053   scheduler.o
        92         26        504          0       2048        840   startup_stm32f765xx.o
       196         24          0          8          0       2181   stm32f765_it.o
        54         10          0          4          0       2565   stm32f7xx_hal.o
        48          0          0          0          0       1167   stm32f7xx_hal_cortex.o
       548         52          0          0          0       2412   stm32f7xx_hal_gpio.o
      3210         10          0          0          0      16097   stm32f7xx_hal_sd.o
      1952          0          0          0          0      84604   stm32f7xx_hal_spi.o
       932        104          0          0          0       7060   stm32f7xx_hal_tim.o
       548         26          0          0          0       2816   stm32f7xx_hal_tim_ex.o
       194          0          0          0          0       5592   stm32f7xx_ll_sdmmc.o
      1158         56          0          0          0      38958   sys.o
       434         36          0         28        124       5341   systick.o

    ----------------------------------------------------------------------
     21236       1228        546        196   31527500     577657   Object Totals
         0          0         32          0          0          0   (incl. Generated)
        28          0          1          6          2          0   (incl. Padding)

    ----------------------------------------------------------------------

      Code (inc. data)   RO Data    RW Data    ZI Data      Debug   Library Member Name

         8          0          0          0          0         68   __main.o
         0          0          0          0          0          0   __rtentry.o
        12          0          0          0          0          0   __rtentry2.o
         6          0          0          0          0          0   __rtentry4.o
        52          8          0          0          0          0   __scatter.o
        26          0          0          0          0          0   __scatter_copy.o
        28          0          0          0          0          0   __scatter_zi.o
        18          0          0          0          0         80   exit.o
         6          0          0          0          0        152   heapauxi.o
         2          0          0          0          0          0   libinit.o
         6          0          0          0          0          0   libinit2.o
         2          0          0          0          0          0   libshutdown.o
         2          0          0          0          0          0   libshutdown2.o
         8          4          0          0         96         68   libspace.o
        78          0          0          0          0         80   rt_memclr_w.o
       138          0          0          0          0         68   rt_memcpy_v6.o
       100          0          0          0          0         80   rt_memcpy_w.o
         2          0          0          0          0          0   rtexit.o
        10          0          0          0          0          0   rtexit2.o
        74          0          0          0          0         80   sys_stackheap_outer.o
         2          0          0          0          0         68   use_no_semi.o
         2          0          0          0          0         68   use_no_semi_2.o
        10          0          0          0          0        116   fpinit.o

    ----------------------------------------------------------------------
       598         12          0          0         96        928   Library Totals
         6          0          0          0          0          0   (incl. Padding)

    ----------------------------------------------------------------------

      Code (inc. data)   RO Data    RW Data    ZI Data      Debug   Library Name

       582         12          0          0         96        812   c_w.l
        10          0          0          0          0        116   fz_wv.l

    ----------------------------------------------------------------------
       598         12          0          0         96        928   Library Totals

    ----------------------------------------------------------------------

==============================================================================


      Code (inc. data)   RO Data    RW Data    ZI Data      Debug   

     21834       1240        546        196   31527596     561573   Grand Totals
     21834       1240        546        196   31527596     561573   ELF Image Totals
     21834       1240        546        196          0          0   ROM Totals

==============================================================================

    Total RO  Size (Code + RO Data)                22380 (  21.86kB)
    Total RW  Size (RW Data + ZI Data)          31527792 (30788.86kB)
    Total ROM Size (Code + RO Data + RW Data)      22576 (  22.05kB)

==============================================================================

